Component: ARM Compiler 5.06 update 7 (build 960) Tool: armlink [4d3601]

==============================================================================

Section Cross References

    startup_stm32f103xb.o(STACK) refers (Special) to heapauxi.o(.text) for __use_two_region_memory
    startup_stm32f103xb.o(HEAP) refers (Special) to heapauxi.o(.text) for __use_two_region_memory
    startup_stm32f103xb.o(RESET) refers (Special) to heapauxi.o(.text) for __use_two_region_memory
    startup_stm32f103xb.o(RESET) refers to startup_stm32f103xb.o(STACK) for __initial_sp
    startup_stm32f103xb.o(RESET) refers to startup_stm32f103xb.o(.text) for Reset_Handler
    startup_stm32f103xb.o(RESET) refers to stm32f1xx_it.o(i.NMI_Handler) for NMI_Handler
    startup_stm32f103xb.o(RESET) refers to stm32f1xx_it.o(i.HardFault_Handler) for HardFault_Handler
    startup_stm32f103xb.o(RESET) refers to stm32f1xx_it.o(i.MemManage_Handler) for MemManage_Handler
    startup_stm32f103xb.o(RESET) refers to stm32f1xx_it.o(i.BusFault_Handler) for BusFault_Handler
    startup_stm32f103xb.o(RESET) refers to stm32f1xx_it.o(i.UsageFault_Handler) for UsageFault_Handler
    startup_stm32f103xb.o(RESET) refers to port.o(.emb_text) for SVC_Handler
    startup_stm32f103xb.o(RESET) refers to stm32f1xx_it.o(i.DebugMon_Handler) for DebugMon_Handler
    startup_stm32f103xb.o(RESET) refers to cmsis_os2.o(i.SysTick_Handler) for SysTick_Handler
    startup_stm32f103xb.o(RESET) refers to stm32f1xx_it.o(i.TIM4_IRQHandler) for TIM4_IRQHandler
    startup_stm32f103xb.o(RESET) refers to stm32f1xx_it.o(i.USART1_IRQHandler) for USART1_IRQHandler
    startup_stm32f103xb.o(.text) refers (Special) to heapauxi.o(.text) for __use_two_region_memory
    startup_stm32f103xb.o(.text) refers to system_stm32f1xx.o(i.SystemInit) for SystemInit
    startup_stm32f103xb.o(.text) refers to __main.o(!!!main) for __main
    startup_stm32f103xb.o(.text) refers to startup_stm32f103xb.o(HEAP) for Heap_Mem
    startup_stm32f103xb.o(.text) refers to startup_stm32f103xb.o(STACK) for Stack_Mem
    free_demo.o(i.Get_KeyNum) refers to stm32f1xx_hal_gpio.o(i.HAL_GPIO_ReadPin) for HAL_GPIO_ReadPin
    free_demo.o(i.fputc) refers to stm32f1xx_hal_uart.o(i.HAL_UART_Transmit) for HAL_UART_Transmit
    free_demo.o(i.fputc) refers to main.o(.bss) for huart1
    free_demo.o(i.freertos_start) refers to tasks.o(i.xTaskCreateStatic) for xTaskCreateStatic
    free_demo.o(i.freertos_start) refers to tasks.o(i.vTaskStartScheduler) for vTaskStartScheduler
    free_demo.o(i.freertos_start) refers to free_demo.o(.bss) for .bss
    free_demo.o(i.freertos_start) refers to free_demo.o(i.task_start) for task_start
    free_demo.o(i.freertos_start) refers to free_demo.o(.data) for .data
    free_demo.o(i.task1) refers to stm32f1xx_hal_gpio.o(i.HAL_GPIO_TogglePin) for HAL_GPIO_TogglePin
    free_demo.o(i.task1) refers to tasks.o(i.vTaskDelay) for vTaskDelay
    free_demo.o(i.task2) refers to stm32f1xx_hal_gpio.o(i.HAL_GPIO_TogglePin) for HAL_GPIO_TogglePin
    free_demo.o(i.task2) refers to tasks.o(i.vTaskDelay) for vTaskDelay
    free_demo.o(i.task3) refers to free_demo.o(i.Get_KeyNum) for Get_KeyNum
    free_demo.o(i.task3) refers to tasks.o(i.vTaskSuspend) for vTaskSuspend
    free_demo.o(i.task3) refers to tasks.o(i.vTaskResume) for vTaskResume
    free_demo.o(i.task3) refers to tasks.o(i.vTaskSuspendAll) for vTaskSuspendAll
    free_demo.o(i.task3) refers to tasks.o(i.xTaskResumeAll) for xTaskResumeAll
    free_demo.o(i.task3) refers to stm32f1xx_hal.o(i.HAL_Delay) for HAL_Delay
    free_demo.o(i.task3) refers to oled1315.o(i.OLED_Clear) for OLED_Clear
    free_demo.o(i.task3) refers to oled1315.o(i.OLED_ShowNum) for OLED_ShowNum
    free_demo.o(i.task3) refers to tasks.o(i.vTaskDelay) for vTaskDelay
    free_demo.o(i.task3) refers to free_demo.o(.data) for .data
    free_demo.o(i.task_start) refers to port.o(i.vPortEnterCritical) for vPortEnterCritical
    free_demo.o(i.task_start) refers to tasks.o(i.xTaskCreateStatic) for xTaskCreateStatic
    free_demo.o(i.task_start) refers to port.o(i.vPortExitCritical) for vPortExitCritical
    free_demo.o(i.task_start) refers to tasks.o(i.vTaskDelete) for vTaskDelete
    free_demo.o(i.task_start) refers to free_demo.o(.bss) for .bss
    free_demo.o(i.task_start) refers to free_demo.o(i.task1) for task1
    free_demo.o(i.task_start) refers to free_demo.o(.data) for .data
    free_demo.o(i.task_start) refers to free_demo.o(i.task2) for task2
    free_demo.o(i.task_start) refers to free_demo.o(i.task3) for task3
    free_demo.o(i.vApplicationGetIdleTaskMemory) refers to free_demo.o(.bss) for .bss
    free_demo.o(i.vApplicationGetTimerTaskMemory) refers to free_demo.o(.bss) for .bss
    main.o(i.HAL_TIM_PeriodElapsedCallback) refers to stm32f1xx_hal.o(i.HAL_IncTick) for HAL_IncTick
    main.o(i.MX_GPIO_Init) refers to stm32f1xx_hal_gpio.o(i.HAL_GPIO_WritePin) for HAL_GPIO_WritePin
[...]
    .text                                    0x08000260   Section      138  rt_memcpy_v6.o(.text)
    .text                                    0x080002ea   Section       16  aeabi_memset.o(.text)
    .text                                    0x080002fa   Section       78  rt_memclr_w.o(.text)
    .text                                    0x08000348   Section        0  heapauxi.o(.text)
    .text                                    0x0800034e   Section      100  rt_memcpy_w.o(.text)
    .text                                    0x080003b2   Section       68  rt_memclr.o(.text)
    .text                                    0x080003f6   Section       74  sys_stackheap_outer.o(.text)
    .text                                    0x08000440   Section        0  exit.o(.text)
    .text                                    0x08000454   Section        8  libspace.o(.text)
    .text                                    0x0800045c   Section        2  use_no_semi.o(.text)
    .text                                    0x0800045e   Section        0  indicate_semi.o(.text)
    .text                                    0x08000460   Section        0  sys_exit.o(.text)
    i.BusFault_Handler                       0x0800046c   Section        0  stm32f1xx_it.o(i.BusFault_Handler)
    i.DebugMon_Handler                       0x0800046e   Section        0  stm32f1xx_it.o(i.DebugMon_Handler)
    i.Get_KeyNum                             0x08000470   Section        0  free_demo.o(i.Get_KeyNum)
    i.HAL_DMA_Abort                          0x080004d0   Section        0  stm32f1xx_hal_dma.o(i.HAL_DMA_Abort)
    i.HAL_DMA_Abort_IT                       0x08000518   Section        0  stm32f1xx_hal_dma.o(i.HAL_DMA_Abort_IT)
    i.HAL_Delay                              0x080005b0   Section        0  stm32f1xx_hal.o(i.HAL_Delay)
    i.HAL_GPIO_Init                          0x080005d4   Section        0  stm32f1xx_hal_gpio.o(i.HAL_GPIO_Init)
    i.HAL_GPIO_ReadPin                       0x080007b4   Section        0  stm32f1xx_hal_gpio.o(i.HAL_GPIO_ReadPin)
    i.HAL_GPIO_TogglePin                     0x080007be   Section        0  stm32f1xx_hal_gpio.o(i.HAL_GPIO_TogglePin)
    i.HAL_GPIO_WritePin                      0x080007ce   Section        0  stm32f1xx_hal_gpio.o(i.HAL_GPIO_WritePin)
    i.HAL_GetTick                            0x080007d8   Section        0  stm32f1xx_hal.o(i.HAL_GetTick)
    i.HAL_IncTick                            0x080007e4   Section        0  stm32f1xx_hal.o(i.HAL_IncTick)
    i.HAL_Init                               0x080007f4   Section        0  stm32f1xx_hal.o(i.HAL_Init)
    i.HAL_InitTick                           0x08000818   Section        0  stm32f1xx_hal_timebase_tim.o(i.HAL_InitTick)
    i.HAL_MspInit                            0x080008b0   Section        0  stm32f1xx_hal_msp.o(i.HAL_MspInit)
    i.HAL_NVIC_EnableIRQ                     0x080008f8   Section        0  stm32f1xx_hal_cortex.o(i.HAL_NVIC_EnableIRQ)
    i.HAL_NVIC_SetPriority                   0x08000914   Section        0  stm32f1xx_hal_cortex.o(i.HAL_NVIC_SetPriority)
    i.HAL_NVIC_SetPriorityGrouping           0x08000954   Section        0  stm32f1xx_hal_cortex.o(i.HAL_NVIC_SetPriorityGrouping)
    i.HAL_RCC_ClockConfig                    0x08000978   Section        0  stm32f1xx_hal_rcc.o(i.HAL_RCC_ClockConfig)
    i.HAL_RCC_GetClockConfig                 0x08000aa4   Section        0  stm32f1xx_hal_rcc.o(i.HAL_RCC_GetClockConfig)
    i.HAL_RCC_GetPCLK1Freq                   0x08000ae4   Section        0  stm32f1xx_hal_rcc.o(i.HAL_RCC_GetPCLK1Freq)
    i.HAL_RCC_GetPCLK2Freq                   0x08000b04   Section        0  stm32f1xx_hal_rcc.o(i.HAL_RCC_GetPCLK2Freq)
    i.HAL_RCC_GetSysClockFreq                0x08000b24   Section        0  stm32f1xx_hal_rcc.o(i.HAL_RCC_GetSysClockFreq)
    i.HAL_RCC_OscConfig                      0x08000b70   Section        0  stm32f1xx_hal_rcc.o(i.HAL_RCC_OscConfig)
    i.HAL_TIMEx_BreakCallback                0x08000e90   Section        0  stm32f1xx_hal_tim_ex.o(i.HAL_TIMEx_BreakCallback)
    i.HAL_TIMEx_CommutCallback               0x08000e92   Section        0  stm32f1xx_hal_tim_ex.o(i.HAL_TIMEx_CommutCallback)
    i.HAL_TIM_Base_Init                      0x08000e94   Section        0  stm32f1xx_hal_tim.o(i.HAL_TIM_Base_Init)
    i.HAL_TIM_Base_MspInit                   0x08000eee   Section        0  stm32f1xx_hal_tim.o(i.HAL_TIM_Base_MspInit)
    i.HAL_TIM_Base_Start_IT                  0x08000ef0   Section        0  stm32f1xx_hal_tim.o(i.HAL_TIM_Base_Start_IT)
    i.HAL_TIM_IC_CaptureCallback             0x08000f48   Section        0  stm32f1xx_hal_tim.o(i.HAL_TIM_IC_CaptureCallback)
    i.HAL_TIM_IRQHandler                     0x08000f4a   Section        0  stm32f1xx_hal_tim.o(i.HAL_TIM_IRQHandler)
    i.HAL_TIM_OC_DelayElapsedCallback        0x0800107a   Section        0  stm32f1xx_hal_tim.o(i.HAL_TIM_OC_DelayElapsedCallback)
    i.HAL_TIM_PWM_PulseFinishedCallback      0x0800107c   Section        0  stm32f1xx_hal_tim.o(i.HAL_TIM_PWM_PulseFinishedCallback)
    i.HAL_TIM_PeriodElapsedCallback          0x08001080   Section        0  main.o(i.HAL_TIM_PeriodElapsedCallback)
    i.HAL_TIM_TriggerCallback                0x08001094   Section        0  stm32f1xx_hal_tim.o(i.HAL_TIM_TriggerCallback)
    i.HAL_UARTEx_RxEventCallback             0x08001096   Section        0  stm32f1xx_hal_uart.o(i.HAL_UARTEx_RxEventCallback)
    i.HAL_UART_ErrorCallback                 0x08001098   Section        0  stm32f1xx_hal_uart.o(i.HAL_UART_ErrorCallback)
    i.HAL_UART_IRQHandler                    0x0800109c   Section        0  stm32f1xx_hal_uart.o(i.HAL_UART_IRQHandler)
    i.HAL_UART_Init                          0x08001308   Section        0  stm32f1xx_hal_uart.o(i.HAL_UART_Init)
    i.HAL_UART_MspInit                       0x0800136c   Section        0  stm32f1xx_hal_msp.o(i.HAL_UART_MspInit)
    i.HAL_UART_RxCpltCallback                0x080013ec   Section        0  stm32f1xx_hal_uart.o(i.HAL_UART_RxCpltCallback)
    i.HAL_UART_TxCpltCallback                0x080013ee   Section        0  stm32f1xx_hal_uart.o(i.HAL_UART_TxCpltCallback)
    i.HardFault_Handler                      0x080013f0   Section        0  stm32f1xx_it.o(i.HardFault_Handler)
    i.IIC_Start                              0x080013f4   Section        0  oled1315.o(i.IIC_Start)
    i.IIC_Stop                               0x08001434   Section        0  oled1315.o(i.IIC_Stop)
    i.IIC_WaitAck                            0x08001474   Section        0  oled1315.o(i.IIC_WaitAck)
    i.IIC_delay                              0x0800149c   Section        0  oled1315.o(i.IIC_delay)
    i.MX_GPIO_Init                           0x080014a8   Section        0  main.o(i.MX_GPIO_Init)
    MX_GPIO_Init                             0x080014a9   Thumb Code   144  main.o(i.MX_GPIO_Init)
    i.MemManage_Handler                      0x08001540   Section        0  stm32f1xx_it.o(i.MemManage_Handler)
    i.NMI_Handler                            0x08001542   Section        0  stm32f1xx_it.o(i.NMI_Handler)
    i.OLED_Clear                             0x08001544   Section        0  oled1315.o(i.OLED_Clear)
    i.OLED_DrawPoint                         0x08001570   Section        0  oled1315.o(i.OLED_DrawPoint)
    i.OLED_Init                              0x0800159c   Section        0  oled1315.o(i.OLED_Init)
    i.OLED_Pow                               0x08001698   Section        0  oled1315.o(i.OLED_Pow)
    i.OLED_Refresh                           0x080016a8   Section        0  oled1315.o(i.OLED_Refresh)
    i.OLED_SendByte                          0x08001710   Section        0  oled1315.o(i.OLED_SendByte)
    i.OLED_ShowChar                          0x08001754   Section        0  oled1315.o(i.OLED_ShowChar)
    i.OLED_ShowNum                           0x08001848   Section        0  oled1315.o(i.OLED_ShowNum)
    i.OLED_WR_Byte                           0x080018cc   Section        0  oled1315.o(i.OLED_WR_Byte)
    i.StartDefaultTask                       0x08001904   Section        0  main.o(i.StartDefaultTask)
    i.SysTick_Handler                        0x08001924   Section        0  cmsis_os2.o(i.SysTick_Handler)
    i.SystemClock_Config                     0x0800193e   Section        0  main.o(i.SystemClock_Config)
    i.SystemInit                             0x0800199c   Section        0  system_stm32f1xx.o(i.SystemInit)
    i.TIM4_IRQHandler                        0x080019a0   Section        0  stm32f1xx_it.o(i.TIM4_IRQHandler)
    i.TIM_Base_SetConfig                     0x080019ac   Section        0  stm32f1xx_hal_tim.o(i.TIM_Base_SetConfig)
    i.UART_DMAAbortOnError                   0x08001a24   Section        0  stm32f1xx_hal_uart.o(i.UART_DMAAbortOnError)
    UART_DMAAbortOnError                     0x08001a25   Thumb Code    16  stm32f1xx_hal_uart.o(i.UART_DMAAbortOnError)
    i.UART_EndRxTransfer                     0x08001a34   Section        0  stm32f1xx_hal_uart.o(i.UART_EndRxTransfer)
    UART_EndRxTransfer                       0x08001a35   Thumb Code    78  stm32f1xx_hal_uart.o(i.UART_EndRxTransfer)
    i.UART_Receive_IT                        0x08001a82   Section        0  stm32f1xx_hal_uart.o(i.UART_Receive_IT)
    UART_Receive_IT                          0x08001a83   Thumb Code   194  stm32f1xx_hal_uart.o(i.UART_Receive_IT)
    i.UART_SetConfig                         0x08001b44   Section        0  stm32f1xx_hal_uart.o(i.UART_SetConfig)
    UART_SetConfig                           0x08001b45   Thumb Code   178  stm32f1xx_hal_uart.o(i.UART_SetConfig)
    i.USART1_IRQHandler                      0x08001bfc   Section        0  stm32f1xx_it.o(i.USART1_IRQHandler)
    i.UsageFault_Handler                     0x08001c08   Section        0  stm32f1xx_it.o(i.UsageFault_Handler)
    i.__NVIC_SetPriority                     0x08001c0a   Section        0  stm32f1xx_hal_cortex.o(i.__NVIC_SetPriority)
    __NVIC_SetPriority                       0x08001c0b   Thumb Code    32  stm32f1xx_hal_cortex.o(i.__NVIC_SetPriority)
    i.freertos_start                         0x08001c2c   Section        0  free_demo.o(i.freertos_start)
    i.main                                   0x08001c6c   Section        0  main.o(i.main)
    i.osDelay                                0x08001cd4   Section        0  cmsis_os2.o(i.osDelay)
    i.osKernelInitialize                     0x08001cf0   Section        0  cmsis_os2.o(i.osKernelInitialize)
    i.osKernelStart                          0x08001d14   Section        0  cmsis_os2.o(i.osKernelStart)
    i.osThreadNew                            0x08001d4c   Section        0  cmsis_os2.o(i.osThreadNew)
    i.prvAddCurrentTaskToDelayedList         0x08001dd8   Section        0  tasks.o(i.prvAddCurrentTaskToDelayedList)
    prvAddCurrentTaskToDelayedList           0x08001dd9   Thumb Code    84  tasks.o(i.prvAddCurrentTaskToDelayedList)
    i.prvAddNewTaskToReadyList               0x08001e34   Section        0  tasks.o(i.prvAddNewTaskToReadyList)
    prvAddNewTaskToReadyList                 0x08001e35   Thumb Code   190  tasks.o(i.prvAddNewTaskToReadyList)
    i.prvCheckForValidListAndQueue           0x08001f04   Section        0  timers.o(i.prvCheckForValidListAndQueue)
    prvCheckForValidListAndQueue             0x08001f05   Thumb Code    72  timers.o(i.prvCheckForValidListAndQueue)
    i.prvCopyDataFromQueue                   0x08001f5c   Section        0  queue.o(i.prvCopyDataFromQueue)
    prvCopyDataFromQueue                     0x08001f5d   Thumb Code    38  queue.o(i.prvCopyDataFromQueue)
    i.prvCopyDataToQueue                     0x08001f82   Section        0  queue.o(i.prvCopyDataToQueue)
    prvCopyDataToQueue                       0x08001f83   Thumb Code   108  queue.o(i.prvCopyDataToQueue)
    i.prvDeleteTCB                           0x08001fee   Section        0  tasks.o(i.prvDeleteTCB)
    prvDeleteTCB                             0x08001fef   Thumb Code    52  tasks.o(i.prvDeleteTCB)
    i.prvHeapInit                            0x08002024   Section        0  heap_4.o(i.prvHeapInit)
    prvHeapInit                              0x08002025   Thumb Code    66  heap_4.o(i.prvHeapInit)
    i.prvIdleTask                            0x08002070   Section        0  tasks.o(i.prvIdleTask)
    prvIdleTask                              0x08002071   Thumb Code    82  tasks.o(i.prvIdleTask)
    i.prvInitialiseNewQueue                  0x080020d0   Section        0  queue.o(i.prvInitialiseNewQueue)
    prvInitialiseNewQueue                    0x080020d1   Thumb Code    34  queue.o(i.prvInitialiseNewQueue)
    i.prvInitialiseNewTask                   0x080020f4   Section        0  tasks.o(i.prvInitialiseNewTask)
    prvInitialiseNewTask                     0x080020f5   Thumb Code   176  tasks.o(i.prvInitialiseNewTask)
    i.prvInsertBlockIntoFreeList             0x080021a4   Section        0  heap_4.o(i.prvInsertBlockIntoFreeList)
    prvInsertBlockIntoFreeList               0x080021a5   Thumb Code    72  heap_4.o(i.prvInsertBlockIntoFreeList)
    i.prvInsertTimerInActiveList             0x080021f0   Section        0  timers.o(i.prvInsertTimerInActiveList)
    prvInsertTimerInActiveList               0x080021f1   Thumb Code    52  timers.o(i.prvInsertTimerInActiveList)
    i.prvIsQueueEmpty                        0x08002228   Section        0  queue.o(i.prvIsQueueEmpty)
    prvIsQueueEmpty                          0x08002229   Thumb Code    28  queue.o(i.prvIsQueueEmpty)
    i.prvProcessReceivedCommands             0x08002244   Section        0  timers.o(i.prvProcessReceivedCommands)
    prvProcessReceivedCommands               0x08002245   Thumb Code   248  timers.o(i.prvProcessReceivedCommands)
    i.prvProcessTimerOrBlockTask             0x08002340   Section        0  timers.o(i.prvProcessTimerOrBlockTask)
    prvProcessTimerOrBlockTask               0x08002341   Thumb Code   182  timers.o(i.prvProcessTimerOrBlockTask)
    i.prvResetNextTaskUnblockTime            0x08002400   Section        0  tasks.o(i.prvResetNextTaskUnblockTime)
    prvResetNextTaskUnblockTime              0x08002401   Thumb Code    26  tasks.o(i.prvResetNextTaskUnblockTime)
    i.prvSampleTimeNow                       0x08002420   Section        0  timers.o(i.prvSampleTimeNow)
    prvSampleTimeNow                         0x08002421   Thumb Code    36  timers.o(i.prvSampleTimeNow)
    i.prvSwitchTimerLists                    0x08002448   Section        0  timers.o(i.prvSwitchTimerLists)
    prvSwitchTimerLists                      0x08002449   Thumb Code   104  timers.o(i.prvSwitchTimerLists)
    i.prvTaskExitError                       0x080024b4   Section        0  port.o(i.prvTaskExitError)
    prvTaskExitError                         0x080024b5   Thumb Code    36  port.o(i.prvTaskExitError)
    i.prvTaskIsTaskSuspended                 0x080024dc   Section        0  tasks.o(i.prvTaskIsTaskSuspended)
    prvTaskIsTaskSuspended                   0x080024dd   Thumb Code    48  tasks.o(i.prvTaskIsTaskSuspended)
    i.prvTimerTask                           0x08002510   Section        0  timers.o(i.prvTimerTask)
    prvTimerTask                             0x08002511   Thumb Code    32  timers.o(i.prvTimerTask)
    i.prvUnlockQueue                         0x08002534   Section        0  queue.o(i.prvUnlockQueue)
    prvUnlockQueue                           0x08002535   Thumb Code   106  queue.o(i.prvUnlockQueue)
    i.pvPortMalloc                           0x080025a0   Section        0  heap_4.o(i.pvPortMalloc)
    i.pxPortInitialiseStack                  0x0800267c   Section        0  port.o(i.pxPortInitialiseStack)
    i.task1                                  0x080026a0   Section        0  free_demo.o(i.task1)
    i.task2                                  0x080026c0   Section        0  free_demo.o(i.task2)
    i.task3                                  0x080026e0   Section        0  free_demo.o(i.task3)
    i.task_start                             0x08002764   Section        0  free_demo.o(i.task_start)
    i.uxListRemove                           0x080027fc   Section        0  list.o(i.uxListRemove)
    i.vApplicationGetIdleTaskMemory          0x08002824   Section        0  free_demo.o(i.vApplicationGetIdleTaskMemory)
    i.vApplicationGetTimerTaskMemory         0x08002838   Section        0  free_demo.o(i.vApplicationGetTimerTaskMemory)
    i.vListInitialise                        0x08002850   Section        0  list.o(i.vListInitialise)
    i.vListInitialiseItem                    0x08002866   Section        0  list.o(i.vListInitialiseItem)
    i.vListInsert                            0x0800286c   Section        0  list.o(i.vListInsert)
    i.vListInsertEnd                         0x0800289c   Section        0  list.o(i.vListInsertEnd)
    i.vPortEnterCritical                     0x080028b4   Section        0  port.o(i.vPortEnterCritical)
    i.vPortExitCritical                      0x080028f4   Section        0  port.o(i.vPortExitCritical)
    i.vPortFree                              0x0800291c   Section        0  heap_4.o(i.vPortFree)
    i.vPortSetupTimerInterrupt               0x08002980   Section        0  port.o(i.vPortSetupTimerInterrupt)
    i.vPortValidateInterruptPriority         0x080029a4   Section        0  port.o(i.vPortValidateInterruptPriority)
    i.vQueueAddToRegistry                    0x080029f8   Section        0  queue.o(i.vQueueAddToRegistry)
    i.vQueueWaitForMessageRestricted         0x08002a20   Section        0  queue.o(i.vQueueWaitForMessageRestricted)
    i.vTaskDelay                             0x08002a64   Section        0  tasks.o(i.vTaskDelay)
    i.vTaskDelete                            0x08002ab0   Section        0  tasks.o(i.vTaskDelete)
    i.vTaskInternalSetTimeOutState           0x08002b40   Section        0  tasks.o(i.vTaskInternalSetTimeOutState)
    i.vTaskMissedYield                       0x08002b50   Section        0  tasks.o(i.vTaskMissedYield)
    i.vTaskPlaceOnEventList                  0x08002b5c   Section        0  tasks.o(i.vTaskPlaceOnEventList)
    i.vTaskPlaceOnEventListRestricted        0x08002b8c   Section        0  tasks.o(i.vTaskPlaceOnEventListRestricted)
    i.vTaskResume                            0x08002bc4   Section        0  tasks.o(i.vTaskResume)
    i.vTaskStartScheduler                    0x08002c40   Section        0  tasks.o(i.vTaskStartScheduler)
    i.vTaskSuspend                           0x08002cc8   Section        0  tasks.o(i.vTaskSuspend)
    i.vTaskSuspendAll                        0x08002d64   Section        0  tasks.o(i.vTaskSuspendAll)
    i.vTaskSwitchContext                     0x08002d74   Section        0  tasks.o(i.vTaskSwitchContext)
    i.xPortStartScheduler                    0x08002dd8   Section        0  port.o(i.xPortStartScheduler)
    i.xPortSysTickHandler                    0x08002e80   Section        0  port.o(i.xPortSysTickHandler)
    i.xQueueGenericCreateStatic              0x08002eac   Section        0  queue.o(i.xQueueGenericCreateStatic)
    i.xQueueGenericReset                     0x08002f14   Section        0  queue.o(i.xQueueGenericReset)
    i.xQueueGenericSend                      0x08002f9c   Section        0  queue.o(i.xQueueGenericSend)
    i.xQueueGenericSendFromISR               0x080030fc   Section        0  queue.o(i.xQueueGenericSendFromISR)
    i.xQueueReceive                          0x080031bc   Section        0  queue.o(i.xQueueReceive)
    i.xTaskCheckForTimeOut                   0x080032f4   Section        0  tasks.o(i.xTaskCheckForTimeOut)
    i.xTaskCreate                            0x08003368   Section        0  tasks.o(i.xTaskCreate)
    i.xTaskCreateStatic                      0x080033c2   Section        0  tasks.o(i.xTaskCreateStatic)
    i.xTaskGetSchedulerState                 0x08003418   Section        0  tasks.o(i.xTaskGetSchedulerState)
    i.xTaskGetTickCount                      0x08003434   Section        0  tasks.o(i.xTaskGetTickCount)
    i.xTaskIncrementTick                     0x08003440   Section        0  tasks.o(i.xTaskIncrementTick)
    i.xTaskPriorityDisinherit                0x08003508   Section        0  tasks.o(i.xTaskPriorityDisinherit)
    i.xTaskRemoveFromEventList               0x08003588   Section        0  tasks.o(i.xTaskRemoveFromEventList)
    i.xTaskResumeAll                         0x080035f8   Section        0  tasks.o(i.xTaskResumeAll)
    i.xTimerCreateTimerTask                  0x080036bc   Section        0  timers.o(i.xTimerCreateTimerTask)
    i.xTimerGenericCommand                   0x0800371c   Section        0  timers.o(i.xTimerGenericCommand)
    .constdata                               0x08003784   Section       36  main.o(.constdata)
    .constdata                               0x080037a8   Section       18  stm32f1xx_hal_rcc.o(.constdata)
    aPredivFactorTable                       0x080037a8   Data           2  stm32f1xx_hal_rcc.o(.constdata)
    aPLLMULFactorTable                       0x080037aa   Data          16  stm32f1xx_hal_rcc.o(.constdata)
    .constdata                               0x080037ba   Section       16  system_stm32f1xx.o(.constdata)
    .constdata                               0x080037ca   Section        8  system_stm32f1xx.o(.constdata)
    .constdata                               0x080037d2   Section     7472  oled1315.o(.constdata)
    .conststring                             0x08005504   Section       12  main.o(.conststring)
    .data                                    0x20000000   Section       20  free_demo.o(.data)
    .data                                    0x20000014   Section        4  main.o(.data)
    .data                                    0x20000018   Section       12  stm32f1xx_hal.o(.data)
    .data                                    0x20000024   Section        4  system_stm32f1xx.o(.data)
    .data                                    0x20000028   Section       60  tasks.o(.data)
    uxDeletedTasksWaitingCleanUp             0x2000002c   Data           4  tasks.o(.data)
    uxCurrentNumberOfTasks                   0x20000030   Data           4  tasks.o(.data)
    xTickCount                               0x20000034   Data           4  tasks.o(.data)
    uxTopReadyPriority                       0x20000038   Data           4  tasks.o(.data)
    xSchedulerRunning                        0x2000003c   Data           4  tasks.o(.data)
    xPendedTicks                             0x20000040   Data           4  tasks.o(.data)
    xYieldPending                            0x20000044   Data           4  tasks.o(.data)
    xNumOfOverflows                          0x20000048   Data           4  tasks.o(.data)
    uxTaskNumber                             0x2000004c   Data           4  tasks.o(.data)
    xNextTaskUnblockTime                     0x20000050   Data           4  tasks.o(.data)
    xIdleTaskHandle                          0x20000054   Data           4  tasks.o(.data)
    uxSchedulerSuspended                     0x20000058   Data           4  tasks.o(.data)
    pxDelayedTaskList                        0x2000005c   Data           4  tasks.o(.data)
    pxOverflowDelayedTaskList                0x20000060   Data           4  tasks.o(.data)
    .data                                    0x20000064   Section       20  timers.o(.data)
    xTimerQueue                              0x20000064   Data           4  timers.o(.data)
    xTimerTaskHandle                         0x20000068   Data           4  timers.o(.data)
    xLastTime                                0x2000006c   Data           4  timers.o(.data)
    pxCurrentTimerList                       0x20000070   Data           4  timers.o(.data)
    pxOverflowTimerList                      0x20000074   Data           4  timers.o(.data)
    .data                                    0x20000078   Section        4  cmsis_os2.o(.data)
    KernelState                              0x20000078   Data           4  cmsis_os2.o(.data)
    .data                                    0x2000007c   Section       32  heap_4.o(.data)
    pxEnd                                    0x2000007c   Data           4  heap_4.o(.data)
    xFreeBytesRemaining                      0x20000080   Data           4  heap_4.o(.data)
    xMinimumEverFreeBytesRemaining           0x20000084   Data           4  heap_4.o(.data)
    xNumberOfSuccessfulAllocations           0x20000088   Data           4  heap_4.o(.data)
    xNumberOfSuccessfulFrees                 0x2000008c   Data           4  heap_4.o(.data)
    xBlockAllocatedBit                       0x20000090   Data           4  heap_4.o(.data)
    xStart                                   0x20000094   Data           8  heap_4.o(.data)
    .data                                    0x2000009c   Section       12  port.o(.data)
    ucMaxSysCallPriority                     0x2000009c   Data           1  port.o(.data)
    uxCriticalNesting                        0x200000a0   Data           4  port.o(.data)
    ulMaxPRIGROUPValue                       0x200000a4   Data           4  port.o(.data)
    .bss                                     0x200000a8   Section     4648  free_demo.o(.bss)
    .bss                                     0x200012d0   Section       72  main.o(.bss)
    .bss                                     0x20001318   Section       72  stm32f1xx_hal_timebase_tim.o(.bss)
    .bss                                     0x20001360   Section       64  queue.o(.bss)
    .bss                                     0x200013a0   Section     1220  tasks.o(.bss)
    pxReadyTasksLists                        0x200013a0   Data        1120  tasks.o(.bss)
    xDelayedTaskList1                        0x20001800   Data          20  tasks.o(.bss)
    xDelayedTaskList2                        0x20001814   Data          20  tasks.o(.bss)
    xPendingReadyList                        0x20001828   Data          20  tasks.o(.bss)
    xTasksWaitingTermination                 0x2000183c   Data          20  tasks.o(.bss)
    xSuspendedTaskList                       0x20001850   Data          20  tasks.o(.bss)
    .bss                                     0x20001864   Section      280  timers.o(.bss)
    xStaticTimerQueue                        0x20001864   Data          80  timers.o(.bss)
    ucStaticTimerQueueStorage                0x200018b4   Data         160  timers.o(.bss)
    xActiveTimerList1                        0x20001954   Data          20  timers.o(.bss)
    xActiveTimerList2                        0x20001968   Data          20  timers.o(.bss)
    .bss                                     0x2000197c   Section     3072  heap_4.o(.bss)
    ucHeap                                   0x2000197c   Data        3072  heap_4.o(.bss)
    .bss                                     0x2000257c   Section     1024  oled1315.o(.bss)
    .bss                                     0x2000297c   Section       96  libspace.o(.bss)
    HEAP                                     0x200029e0   Section      512  startup_stm32f103xb.o(HEAP)
    Heap_Mem                                 0x200029e0   Data         512  startup_stm32f103xb.o(HEAP)
    STACK                                    0x20002be0   Section     1024  startup_stm32f103xb.o(STACK)
    Stack_Mem                                0x20002be0   Data        1024  startup_stm32f103xb.o(STACK)
    __initial_sp                             0x20002fe0   Data           0  startup_stm32f103xb.o(STACK)

    Global Symbols

    Symbol Name                              Value     Ov Type        Size  Object(Section)

    BuildAttributes$$THM_ISAv4$P$D$K$B$S$PE$A:L22UL41UL21$X:L11$S22US41US21$IEEE1$IW$USESV6$~STKCKD$USESV7$~SHL$OTIME$ROPI$EBA8$UX$STANDARDLIB$REQ8$PRES8$EABIv2 0x00000000   Number         0  anon$$obj.o ABSOLUTE
    __ARM_use_no_argv                        0x00000000   Number         0  main.o ABSOLUTE
    __ARM_exceptions_init                     - Undefined Weak Reference
    __alloca_initialize                       - Undefined Weak Reference
    __arm_fini_                               - Undefined Weak Reference
    __arm_preinit_                            - Undefined Weak Reference
    __cpp_initialize__aeabi_                  - Undefined Weak Reference
    __cxa_finalize                            - Undefined Weak Reference
    __rt_locale                               - Undefined Weak Reference
    __sigvec_lookup                           - Undefined Weak Reference
    __user_heap_extent                        - Undefined Weak Reference
    _atexit_init                              - Undefined Weak Reference
    _call_atexit_fns                          - Undefined Weak Reference
    _clock_init                               - Undefined Weak Reference
    _fp_trap_init                             - Undefined Weak Reference
    _fp_trap_shutdown                         - Undefined Weak Reference
    _get_lc_collate                           - Undefined Weak Reference
    _get_lc_ctype                             - Undefined Weak Reference
    _get_lc_monetary                          - Undefined Weak Reference
    _get_lc_numeric                           - Undefined Weak Reference
    _get_lc_time                              - Undefined Weak Reference
    _getenv_init                              - Undefined Weak Reference
    _handle_redirection                       - Undefined Weak Reference
    _mutex_acquire                            - Undefined Weak Reference
    _mutex_free                               - Undefined Weak Reference
    _mutex_release                            - Undefined Weak Reference
    _printf_mbtowc                            - Undefined Weak Reference
    _printf_post_padding                      - Undefined Weak Reference
    _printf_pre_padding                       - Undefined Weak Reference
    _printf_truncate_signed                   - Undefined Weak Reference
    _printf_truncate_unsigned                 - Undefined Weak Reference
    _rand_init                                - Undefined Weak Reference
    _signal_finish                            - Undefined Weak Reference
    _signal_init                              - Undefined Weak Reference
    __Vectors_Size                           0x000000ec   Number         0  startup_stm32f103xb.o ABSOLUTE
    __Vectors                                0x08000000   Data           4  startup_stm32f103xb.o(RESET)
    __Vectors_End                            0x080000ec   Data           0  startup_stm32f103xb.o(RESET)
    __main                                   0x080000ed   Thumb Code     8  __main.o(!!!main)
    __scatterload                            0x080000f5   Thumb Code     0  __scatter.o(!!!scatter)
    __scatterload_rt2                        0x080000f5   Thumb Code    44  __scatter.o(!!!scatter)
    __scatterload_rt2_thumb_only             0x080000f5   Thumb Code     0  __scatter.o(!!!scatter)
    __scatterload_null                       0x08000103   Thumb Code     0  __scatter.o(!!!scatter)
    __scatterload_copy                       0x08000129   Thumb Code    26  __scatter_copy.o(!!handler_copy)
    __scatterload_zeroinit                   0x08000145   Thumb Code    28  __scatter_zi.o(!!handler_zi)
    __rt_lib_init                            0x08000161   Thumb Code     0  libinit.o(.ARM.Collect$$libinit$$00000000)
    __rt_lib_init_alloca_1                   0x08000163   Thumb Code     0  libinit2.o(.ARM.Collect$$libinit$$0000002E)
    __rt_lib_init_argv_1                     0x08000163   Thumb Code     0  libinit2.o(.ARM.Collect$$libinit$$0000002C)
    __rt_lib_init_atexit_1                   0x08000163   Thumb Code     0  libinit2.o(.ARM.Collect$$libinit$$0000001B)
    __rt_lib_init_clock_1                    0x08000163   Thumb Code     0  libinit2.o(.ARM.Collect$$libinit$$00000021)
    __rt_lib_init_cpp_1                      0x08000163   Thumb Code     0  libinit2.o(.ARM.Collect$$libinit$$00000032)
    __rt_lib_init_exceptions_1               0x08000163   Thumb Code     0  libinit2.o(.ARM.Collect$$libinit$$00000030)
    __rt_lib_init_fp_1                       0x08000163   Thumb Code     0  libinit2.o(.ARM.Collect$$libinit$$00000002)
    __rt_lib_init_fp_trap_1                  0x08000163   Thumb Code     0  libinit2.o(.ARM.Collect$$libinit$$0000001F)
    __rt_lib_init_getenv_1                   0x08000163   Thumb Code     0  libinit2.o(.ARM.Collect$$libinit$$00000023)
    __rt_lib_init_heap_1                     0x08000163   Thumb Code     0  libinit2.o(.ARM.Collect$$libinit$$0000000A)
    __rt_lib_init_lc_collate_1               0x08000163   Thumb Code     0  libinit2.o(.ARM.Collect$$libinit$$00000011)
    __rt_lib_init_lc_ctype_1                 0x08000163   Thumb Code     0  libinit2.o(.ARM.Collect$$libinit$$00000013)
    __rt_lib_init_lc_monetary_1              0x08000163   Thumb Code     0  libinit2.o(.ARM.Collect$$libinit$$00000015)
    __rt_lib_init_lc_numeric_1               0x08000163   Thumb Code     0  libinit2.o(.ARM.Collect$$libinit$$00000017)
    __rt_lib_init_lc_time_1                  0x08000163   Thumb Code     0  libinit2.o(.ARM.Collect$$libinit$$00000019)
    __rt_lib_init_preinit_1                  0x08000163   Thumb Code     0  libinit2.o(.ARM.Collect$$libinit$$00000004)
    __rt_lib_init_rand_1                     0x08000163   Thumb Code     0  libinit2.o(.ARM.Collect$$libinit$$0000000E)
    __rt_lib_init_return                     0x08000163   Thumb Code     0  libinit2.o(.ARM.Collect$$libinit$$00000033)
    __rt_lib_init_signal_1                   0x08000163   Thumb Code     0  libinit2.o(.ARM.Collect$$libinit$$0000001D)
    __rt_lib_init_stdio_1                    0x08000163   Thumb Code     0  libinit2.o(.ARM.Collect$$libinit$$00000025)
    __rt_lib_init_user_alloc_1               0x08000163   Thumb Code     0  libinit2.o(.ARM.Collect$$libinit$$0000000C)
    __rt_lib_shutdown                        0x08000165   Thumb Code     0  libshutdown.o(.ARM.Collect$$libshutdown$$00000000)
    __rt_lib_shutdown_cpp_1                  0x08000167   Thumb Code     0  libshutdown2.o(.ARM.Collect$$libshutdown$$00000004)
    __rt_lib_shutdown_fini_1                 0x08000167   Thumb Code     0  libshutdown2.o(.ARM.Collect$$libshutdown$$00000002)
    __rt_lib_shutdown_fp_trap_1              0x08000167   Thumb Code     0  libshutdown2.o(.ARM.Collect$$libshutdown$$00000009)
    __rt_lib_shutdown_heap_1                 0x08000167   Thumb Code     0  libshutdown2.o(.ARM.Collect$$libshutdown$$00000011)
    __rt_lib_shutdown_return                 0x08000167   Thumb Code     0  libshutdown2.o(.ARM.Collect$$libshutdown$$00000012)
    __rt_lib_shutdown_signal_1               0x08000167   Thumb Code     0  libshutdown2.o(.ARM.Collect$$libshutdown$$0000000C)
    __rt_lib_shutdown_stdio_1                0x08000167   Thumb Code     0  libshutdown2.o(.ARM.Collect$$libshutdown$$00000006)
    __rt_lib_shutdown_user_alloc_1           0x08000167   Thumb Code     0  libshutdown2.o(.ARM.Collect$$libshutdown$$0000000E)
    __rt_entry                               0x08000169   Thumb Code     0  __rtentry.o(.ARM.Collect$$rtentry$$00000000)
    __rt_entry_presh_1                       0x08000169   Thumb Code     0  __rtentry2.o(.ARM.Collect$$rtentry$$00000002)
    __rt_entry_sh                            0x08000169   Thumb Code     0  __rtentry4.o(.ARM.Collect$$rtentry$$00000004)
    __rt_entry_li                            0x0800016f   Thumb Code     0  __rtentry2.o(.ARM.Collect$$rtentry$$0000000A)
    __rt_entry_postsh_1                      0x0800016f   Thumb Code     0  __rtentry2.o(.ARM.Collect$$rtentry$$00000009)
    __rt_entry_main                          0x08000173   Thumb Code     0  __rtentry2.o(.ARM.Collect$$rtentry$$0000000D)
    __rt_entry_postli_1                      0x08000173   Thumb Code     0  __rtentry2.o(.ARM.Collect$$rtentry$$0000000C)
    __rt_exit                                0x0800017b   Thumb Code     0  rtexit.o(.ARM.Collect$$rtexit$$00000000)
    __rt_exit_ls                             0x0800017d   Thumb Code     0  rtexit2.o(.ARM.Collect$$rtexit$$00000003)
    __rt_exit_prels_1                        0x0800017d   Thumb Code     0  rtexit2.o(.ARM.Collect$$rtexit$$00000002)
    __rt_exit_exit                           0x08000181   Thumb Code     0  rtexit2.o(.ARM.Collect$$rtexit$$00000004)
    SVC_Handler                              0x08000189   Thumb Code    32  port.o(.emb_text)
    __asm___6_port_c_39a90d8d__prvStartFirstTask 0x080001ad   Thumb Code    28  port.o(.emb_text)
    PendSV_Handler                           0x080001cd   Thumb Code    72  port.o(.emb_text)
    vPortGetIPSR                             0x08000219   Thumb Code     6  port.o(.emb_text)
    Reset_Handler                            0x08000221   Thumb Code     8  startup_stm32f103xb.o(.text)
    ADC1_2_IRQHandler                        0x0800023b   Thumb Code     0  startup_stm32f103xb.o(.text)
    CAN1_RX1_IRQHandler                      0x0800023b   Thumb Code     0  startup_stm32f103xb.o(.text)
    CAN1_SCE_IRQHandler                      0x0800023b   Thumb Code     0  startup_stm32f103xb.o(.text)
    DMA1_Channel1_IRQHandler                 0x0800023b   Thumb Code     0  startup_stm32f103xb.o(.text)
    DMA1_Channel2_IRQHandler                 0x0800023b   Thumb Code     0  startup_stm32f103xb.o(.text)
    DMA1_Channel3_IRQHandler                 0x0800023b   Thumb Code     0  startup_stm32f103xb.o(.text)
    DMA1_Channel4_IRQHandler                 0x0800023b   Thumb Code     0  startup_stm32f103xb.o(.text)
    DMA1_Channel5_IRQHandler                 0x0800023b   Thumb Code     0  startup_stm32f103xb.o(.text)
    DMA1_Channel6_IRQHandler                 0x0800023b   Thumb Code     0  startup_stm32f103xb.o(.text)
    DMA1_Channel7_IRQHandler                 0x0800023b   Thumb Code     0  startup_stm32f103xb.o(.text)
    EXTI0_IRQHandler                         0x0800023b   Thumb Code     0  startup_stm32f103xb.o(.text)
    EXTI15_10_IRQHandler                     0x0800023b   Thumb Code     0  startup_stm32f103xb.o(.text)
    EXTI1_IRQHandler                         0x0800023b   Thumb Code     0  startup_stm32f103xb.o(.text)
    EXTI2_IRQHandler                         0x0800023b   Thumb Code     0  startup_stm32f103xb.o(.text)
    EXTI3_IRQHandler                         0x0800023b   Thumb Code     0  startup_stm32f103xb.o(.text)
    EXTI4_IRQHandler                         0x0800023b   Thumb Code     0  startup_stm32f103xb.o(.text)
    EXTI9_5_IRQHandler                       0x0800023b   Thumb Code     0  startup_stm32f103xb.o(.text)
    FLASH_IRQHandler                         0x0800023b   Thumb Code     0  startup_stm32f103xb.o(.text)
    I2C1_ER_IRQHandler                       0x0800023b   Thumb Code     0  startup_stm32f103xb.o(.text)
    I2C1_EV_IRQHandler                       0x0800023b   Thumb Code     0  startup_stm32f103xb.o(.text)
    I2C2_ER_IRQHandler                       0x0800023b   Thumb Code     0  startup_stm32f103xb.o(.text)
    I2C2_EV_IRQHandler                       0x0800023b   Thumb Code     0  startup_stm32f103xb.o(.text)
    PVD_IRQHandler                           0x0800023b   Thumb Code     0  startup_stm32f103xb.o(.text)
    RCC_IRQHandler                           0x0800023b   Thumb Code     0  startup_stm32f103xb.o(.text)
    RTC_Alarm_IRQHandler                     0x0800023b   Thumb Code     0  startup_stm32f103xb.o(.text)
    RTC_IRQHandler                           0x0800023b   Thumb Code     0  startup_stm32f103xb.o(.text)
    SPI1_IRQHandler                          0x0800023b   Thumb Code     0  startup_stm32f103xb.o(.text)
    SPI2_IRQHandler                          0x0800023b   Thumb Code     0  startup_stm32f103xb.o(.text)
    TAMPER_IRQHandler                        0x0800023b   Thumb Code     0  startup_stm32f103xb.o(.text)
    TIM1_BRK_IRQHandler                      0x0800023b   Thumb Code     0  startup_stm32f103xb.o(.text)
    TIM1_CC_IRQHandler                       0x0800023b   Thumb Code     0  startup_stm32f103xb.o(.text)
    TIM1_TRG_COM_IRQHandler                  0x0800023b   Thumb Code     0  startup_stm32f103xb.o(.text)
    TIM1_UP_IRQHandler                       0x0800023b   Thumb Code     0  startup_stm32f103xb.o(.text)
    TIM2_IRQHandler                          0x0800023b   Thumb Code     0  startup_stm32f103xb.o(.text)
    TIM3_IRQHandler                          0x0800023b   Thumb Code     0  startup_stm32f103xb.o(.text)
    USART2_IRQHandler                        0x0800023b   Thumb Code     0  startup_stm32f103xb.o(.text)
    USART3_IRQHandler                        0x0800023b   Thumb Code     0  startup_stm32f103xb.o(.text)
    USBWakeUp_IRQHandler                     0x0800023b   Thumb Code     0  startup_stm32f103xb.o(.text)
    USB_HP_CAN1_TX_IRQHandler                0x0800023b   Thumb Code     0  startup_stm32f103xb.o(.text)
    USB_LP_CAN1_RX0_IRQHandler               0x0800023b   Thumb Code     0  startup_stm32f103xb.o(.text)
    WWDG_IRQHandler                          0x0800023b   Thumb Code     0  startup_stm32f103xb.o(.text)
    __user_initial_stackheap                 0x0800023d   Thumb Code     0  startup_stm32f103xb.o(.text)
    __aeabi_memcpy                           0x08000261   Thumb Code     0  rt_memcpy_v6.o(.text)
    __rt_memcpy                              0x08000261   Thumb Code   138  rt_memcpy_v6.o(.text)
    _memcpy_lastbytes                        0x080002c7   Thumb Code     0  rt_memcpy_v6.o(.text)
    __aeabi_memset                           0x080002eb   Thumb Code    16  aeabi_memset.o(.text)
    __aeabi_memclr4                          0x080002fb   Thumb Code     0  rt_memclr_w.o(.text)
    __aeabi_memclr8                          0x080002fb   Thumb Code     0  rt_memclr_w.o(.text)
    __rt_memclr_w                            0x080002fb   Thumb Code    78  rt_memclr_w.o(.text)
    _memset_w                                0x080002ff   Thumb Code     0  rt_memclr_w.o(.text)
    __use_two_region_memory                  0x08000349   Thumb Code     2  heapauxi.o(.text)
    __rt_heap_escrow                         0x0800034b   Thumb Code     2  heapauxi.o(.text)
    __rt_heap_expand                         0x0800034d   Thumb Code     2  heapauxi.o(.text)
    __aeabi_memcpy4                          0x0800034f   Thumb Code     0  rt_memcpy_w.o(.text)
    __aeabi_memcpy8                          0x0800034f   Thumb Code     0  rt_memcpy_w.o(.text)
    __rt_memcpy_w                            0x0800034f   Thumb Code   100  rt_memcpy_w.o(.text)
    _memcpy_lastbytes_aligned                0x08000397   Thumb Code     0  rt_memcpy_w.o(.text)
    __aeabi_memclr                           0x080003b3   Thumb Code     0  rt_memclr.o(.text)
    __rt_memclr                              0x080003b3   Thumb Code    68  rt_memclr.o(.text)
    _memset                                  0x080003b7   Thumb Code     0  rt_memclr.o(.text)
    __user_setup_stackheap                   0x080003f7   Thumb Code    74  sys_stackheap_outer.o(.text)
    exit                                     0x08000441   Thumb Code    18  exit.o(.text)
    __user_libspace                          0x08000455   Thumb Code     8  libspace.o(.text)
    __user_perproc_libspace                  0x08000455   Thumb Code     0  libspace.o(.text)
    __user_perthread_libspace                0x08000455   Thumb Code     0  libspace.o(.text)
    __I$use$semihosting                      0x0800045d   Thumb Code     0  use_no_semi.o(.text)
    __use_no_semihosting_swi                 0x0800045d   Thumb Code     2  use_no_semi.o(.text)
    __semihosting_library_function           0x0800045f   Thumb Code     0  indicate_semi.o(.text)
    _sys_exit                                0x08000461   Thumb Code     8  sys_exit.o(.text)
    BusFault_Handler                         0x0800046d   Thumb Code     2  stm32f1xx_it.o(i.BusFault_Handler)
    DebugMon_Handler                         0x0800046f   Thumb Code     2  stm32f1xx_it.o(i.DebugMon_Handler)
    Get_KeyNum                               0x08000471   Thumb Code    90  free_demo.o(i.Get_KeyNum)
    HAL_DMA_Abort                            0x080004d1   Thumb Code    70  stm32f1xx_hal_dma.o(i.HAL_DMA_Abort)
    HAL_DMA_Abort_IT                         0x08000519   Thumb Code   148  stm32f1xx_hal_dma.o(i.HAL_DMA_Abort_IT)
    HAL_Delay                                0x080005b1   Thumb Code    32  stm32f1xx_hal.o(i.HAL_Delay)
    HAL_GPIO_Init                            0x080005d5   Thumb Code   446  stm32f1xx_hal_gpio.o(i.HAL_GPIO_Init)
    HAL_GPIO_ReadPin                         0x080007b5   Thumb Code    10  stm32f1xx_hal_gpio.o(i.HAL_GPIO_ReadPin)
    HAL_GPIO_TogglePin                       0x080007bf   Thumb Code    16  stm32f1xx_hal_gpio.o(i.HAL_GPIO_TogglePin)
    HAL_GPIO_WritePin                        0x080007cf   Thumb Code    10  stm32f1xx_hal_gpio.o(i.HAL_GPIO_WritePin)
    HAL_GetTick                              0x080007d9   Thumb Code     6  stm32f1xx_hal.o(i.HAL_GetTick)
    HAL_IncTick                              0x080007e5   Thumb Code    12  stm32f1xx_hal.o(i.HAL_IncTick)
    HAL_Init                                 0x080007f5   Thumb Code    32  stm32f1xx_hal.o(i.HAL_Init)
    HAL_InitTick                             0x08000819   Thumb Code   132  stm32f1xx_hal_timebase_tim.o(i.HAL_InitTick)
    HAL_MspInit                              0x080008b1   Thumb Code    62  stm32f1xx_hal_msp.o(i.HAL_MspInit)
    HAL_NVIC_EnableIRQ                       0x080008f9   Thumb Code    26  stm32f1xx_hal_cortex.o(i.HAL_NVIC_EnableIRQ)
    HAL_NVIC_SetPriority                     0x08000915   Thumb Code    60  stm32f1xx_hal_cortex.o(i.HAL_NVIC_SetPriority)
    HAL_NVIC_SetPriorityGrouping             0x08000955   Thumb Code    26  stm32f1xx_hal_cortex.o(i.HAL_NVIC_SetPriorityGrouping)
    HAL_RCC_ClockConfig                      0x08000979   Thumb Code   280  stm32f1xx_hal_rcc.o(i.HAL_RCC_ClockConfig)
    HAL_RCC_GetClockConfig                   0x08000aa5   Thumb Code    54  stm32f1xx_hal_rcc.o(i.HAL_RCC_GetClockConfig)
    HAL_RCC_GetPCLK1Freq                     0x08000ae5   Thumb Code    20  stm32f1xx_hal_rcc.o(i.HAL_RCC_GetPCLK1Freq)
    HAL_RCC_GetPCLK2Freq                     0x08000b05   Thumb Code    20  stm32f1xx_hal_rcc.o(i.HAL_RCC_GetPCLK2Freq)
    HAL_RCC_GetSysClockFreq                  0x08000b25   Thumb Code    58  stm32f1xx_hal_rcc.o(i.HAL_RCC_GetSysClockFreq)
    HAL_RCC_OscConfig                        0x08000b71   Thumb Code   778  stm32f1xx_hal_rcc.o(i.HAL_RCC_OscConfig)
    HAL_TIMEx_BreakCallback                  0x08000e91   Thumb Code     2  stm32f1xx_hal_tim_ex.o(i.HAL_TIMEx_BreakCallback)
    HAL_TIMEx_CommutCallback                 0x08000e93   Thumb Code     2  stm32f1xx_hal_tim_ex.o(i.HAL_TIMEx_CommutCallback)
    HAL_TIM_Base_Init                        0x08000e95   Thumb Code    90  stm32f1xx_hal_tim.o(i.HAL_TIM_Base_Init)
    HAL_TIM_Base_MspInit                     0x08000eef   Thumb Code     2  stm32f1xx_hal_tim.o(i.HAL_TIM_Base_MspInit)
    HAL_TIM_Base_Start_IT                    0x08000ef1   Thumb Code    76  stm32f1xx_hal_tim.o(i.HAL_TIM_Base_Start_IT)
    HAL_TIM_IC_CaptureCallback               0x08000f49   Thumb Code     2  stm32f1xx_hal_tim.o(i.HAL_TIM_IC_CaptureCallback)
    HAL_TIM_IRQHandler                       0x08000f4b   Thumb Code   304  stm32f1xx_hal_tim.o(i.HAL_TIM_IRQHandler)
    HAL_TIM_OC_DelayElapsedCallback          0x0800107b   Thumb Code     2  stm32f1xx_hal_tim.o(i.HAL_TIM_OC_DelayElapsedCallback)
    HAL_TIM_PWM_PulseFinishedCallback        0x0800107d   Thumb Code     2  stm32f1xx_hal_tim.o(i.HAL_TIM_PWM_PulseFinishedCallback)
    HAL_TIM_PeriodElapsedCallback            0x08001081   Thumb Code    14  main.o(i.HAL_TIM_PeriodElapsedCallback)
    HAL_TIM_TriggerCallback                  0x08001095   Thumb Code     2  stm32f1xx_hal_tim.o(i.HAL_TIM_TriggerCallback)
    HAL_UARTEx_RxEventCallback               0x08001097   Thumb Code     2  stm32f1xx_hal_uart.o(i.HAL_UARTEx_RxEventCallback)
    HAL_UART_ErrorCallback                   0x08001099   Thumb Code     2  stm32f1xx_hal_uart.o(i.HAL_UART_ErrorCallback)
    HAL_UART_IRQHandler                      0x0800109d   Thumb Code   616  stm32f1xx_hal_uart.o(i.HAL_UART_IRQHandler)
    HAL_UART_Init                            0x08001309   Thumb Code   100  stm32f1xx_hal_uart.o(i.HAL_UART_Init)
    HAL_UART_MspInit                         0x0800136d   Thumb Code   116  stm32f1xx_hal_msp.o(i.HAL_UART_MspInit)
    HAL_UART_RxCpltCallback                  0x080013ed   Thumb Code     2  stm32f1xx_hal_uart.o(i.HAL_UART_RxCpltCallback)
    HAL_UART_TxCpltCallback                  0x080013ef   Thumb Code     2  stm32f1xx_hal_uart.o(i.HAL_UART_TxCpltCallback)
    HardFault_Handler                        0x080013f1   Thumb Code     2  stm32f1xx_it.o(i.HardFault_Handler)
    IIC_Start                                0x080013f5   Thumb Code    60  oled1315.o(i.IIC_Start)
    IIC_Stop                                 0x08001435   Thumb Code    60  oled1315.o(i.IIC_Stop)
    IIC_WaitAck                              0x08001475   Thumb Code    36  oled1315.o(i.IIC_WaitAck)
    IIC_delay                                0x0800149d   Thumb Code    10  oled1315.o(i.IIC_delay)
    MemManage_Handler                        0x08001541   Thumb Code     2  stm32f1xx_it.o(i.MemManage_Handler)
    NMI_Handler                              0x08001543   Thumb Code     2  stm32f1xx_it.o(i.NMI_Handler)
    OLED_Clear                               0x08001545   Thumb Code    40  oled1315.o(i.OLED_Clear)
    OLED_DrawPoint                           0x08001571   Thumb Code    40  oled1315.o(i.OLED_DrawPoint)
    OLED_Init                                0x0800159d   Thumb Code   246  oled1315.o(i.OLED_Init)
    OLED_Pow                                 0x08001699   Thumb Code    16  oled1315.o(i.OLED_Pow)
    OLED_Refresh                             0x080016a9   Thumb Code   100  oled1315.o(i.OLED_Refresh)
    OLED_SendByte                            0x08001711   Thumb Code    64  oled1315.o(i.OLED_SendByte)
    OLED_ShowChar                            0x08001755   Thumb Code   226  oled1315.o(i.OLED_ShowChar)
    OLED_ShowNum                             0x08001849   Thumb Code   132  oled1315.o(i.OLED_ShowNum)
    OLED_WR_Byte                             0x080018cd   Thumb Code    54  oled1315.o(i.OLED_WR_Byte)
    StartDefaultTask                         0x08001905   Thumb Code    26  main.o(i.StartDefaultTask)
    SysTick_Handler                          0x08001925   Thumb Code    26  cmsis_os2.o(i.SysTick_Handler)
    SystemClock_Config                       0x0800193f   Thumb Code    94  main.o(i.SystemClock_Config)
    SystemInit                               0x0800199d   Thumb Code     2  system_stm32f1xx.o(i.SystemInit)
    TIM4_IRQHandler                          0x080019a1   Thumb Code     6  stm32f1xx_it.o(i.TIM4_IRQHandler)
    TIM_Base_SetConfig                       0x080019ad   Thumb Code   108  stm32f1xx_hal_tim.o(i.TIM_Base_SetConfig)
    USART1_IRQHandler                        0x08001bfd   Thumb Code     6  stm32f1xx_it.o(i.USART1_IRQHandler)
    UsageFault_Handler                       0x08001c09   Thumb Code     2  stm32f1xx_it.o(i.UsageFault_Handler)
    freertos_start                           0x08001c2d   Thumb Code    38  free_demo.o(i.freertos_start)
    main                                     0x08001c6d   Thumb Code    82  main.o(i.main)
    osDelay                                  0x08001cd5   Thumb Code    26  cmsis_os2.o(i.osDelay)
    osKernelInitialize                       0x08001cf1   Thumb Code    32  cmsis_os2.o(i.osKernelInitialize)
    osKernelStart                            0x08001d15   Thumb Code    48  cmsis_os2.o(i.osKernelStart)
    osThreadNew                              0x08001d4d   Thumb Code   138  cmsis_os2.o(i.osThreadNew)
    pvPortMalloc                             0x080025a1   Thumb Code   216  heap_4.o(i.pvPortMalloc)
    pxPortInitialiseStack                    0x0800267d   Thumb Code    32  port.o(i.pxPortInitialiseStack)
    task1                                    0x080026a1   Thumb Code    26  free_demo.o(i.task1)
    task2                                    0x080026c1   Thumb Code    26  free_demo.o(i.task2)
    task3                                    0x080026e1   Thumb Code   126  free_demo.o(i.task3)
    task_start                               0x08002765   Thumb Code   100  free_demo.o(i.task_start)
    uxListRemove                             0x080027fd   Thumb Code    38  list.o(i.uxListRemove)
    vApplicationGetIdleTaskMemory            0x08002825   Thumb Code    16  free_demo.o(i.vApplicationGetIdleTaskMemory)
    vApplicationGetTimerTaskMemory           0x08002839   Thumb Code    18  free_demo.o(i.vApplicationGetTimerTaskMemory)
    vListInitialise                          0x08002851   Thumb Code    22  list.o(i.vListInitialise)
    vListInitialiseItem                      0x08002867   Thumb Code     6  list.o(i.vListInitialiseItem)
    vListInsert                              0x0800286d   Thumb Code    48  list.o(i.vListInsert)
    vListInsertEnd                           0x0800289d   Thumb Code    24  list.o(i.vListInsertEnd)
    vPortEnterCritical                       0x080028b5   Thumb Code    54  port.o(i.vPortEnterCritical)
    vPortExitCritical                        0x080028f5   Thumb Code    34  port.o(i.vPortExitCritical)
    vPortFree                                0x0800291d   Thumb Code    94  heap_4.o(i.vPortFree)
    vPortSetupTimerInterrupt                 0x08002981   Thumb Code    32  port.o(i.vPortSetupTimerInterrupt)
    vPortValidateInterruptPriority           0x080029a5   Thumb Code    74  port.o(i.vPortValidateInterruptPriority)
    vQueueAddToRegistry                      0x080029f9   Thumb Code    34  queue.o(i.vQueueAddToRegistry)
    vQueueWaitForMessageRestricted           0x08002a21   Thumb Code    68  queue.o(i.vQueueWaitForMessageRestricted)
    vTaskDelay                               0x08002a65   Thumb Code    66  tasks.o(i.vTaskDelay)
    vTaskDelete                              0x08002ab1   Thumb Code   130  tasks.o(i.vTaskDelete)
    vTaskInternalSetTimeOutState             0x08002b41   Thumb Code    12  tasks.o(i.vTaskInternalSetTimeOutState)
    vTaskMissedYield                         0x08002b51   Thumb Code     8  tasks.o(i.vTaskMissedYield)
    vTaskPlaceOnEventList                    0x08002b5d   Thumb Code    44  tasks.o(i.vTaskPlaceOnEventList)
    vTaskPlaceOnEventListRestricted          0x08002b8d   Thumb Code    52  tasks.o(i.vTaskPlaceOnEventListRestricted)
    vTaskResume                              0x08002bc5   Thumb Code   110  tasks.o(i.vTaskResume)
    vTaskStartScheduler                      0x08002c41   Thumb Code   118  tasks.o(i.vTaskStartScheduler)
    vTaskSuspend                             0x08002cc9   Thumb Code   144  tasks.o(i.vTaskSuspend)
    vTaskSuspendAll                          0x08002d65   Thumb Code    10  tasks.o(i.vTaskSuspendAll)
    vTaskSwitchContext                       0x08002d75   Thumb Code    90  tasks.o(i.vTaskSwitchContext)
    xPortStartScheduler                      0x08002dd9   Thumb Code   154  port.o(i.xPortStartScheduler)
    xPortSysTickHandler                      0x08002e81   Thumb Code    38  port.o(i.xPortSysTickHandler)
    xQueueGenericCreateStatic                0x08002ead   Thumb Code   102  queue.o(i.xQueueGenericCreateStatic)
    xQueueGenericReset                       0x08002f15   Thumb Code   132  queue.o(i.xQueueGenericReset)
    xQueueGenericSend                        0x08002f9d   Thumb Code   346  queue.o(i.xQueueGenericSend)
    xQueueGenericSendFromISR                 0x080030fd   Thumb Code   190  queue.o(i.xQueueGenericSendFromISR)
    xQueueReceive                            0x080031bd   Thumb Code   308  queue.o(i.xQueueReceive)
    xTaskCheckForTimeOut                     0x080032f5   Thumb Code   112  tasks.o(i.xTaskCheckForTimeOut)
    xTaskCreate                              0x08003369   Thumb Code    90  tasks.o(i.xTaskCreate)
    xTaskCreateStatic                        0x080033c3   Thumb Code    86  tasks.o(i.xTaskCreateStatic)
    xTaskGetSchedulerState                   0x08003419   Thumb Code    22  tasks.o(i.xTaskGetSchedulerState)
    xTaskGetTickCount                        0x08003435   Thumb Code     6  tasks.o(i.xTaskGetTickCount)
    xTaskIncrementTick                       0x08003441   Thumb Code   192  tasks.o(i.xTaskIncrementTick)
    xTaskPriorityDisinherit                  0x08003509   Thumb Code   118  tasks.o(i.xTaskPriorityDisinherit)
    xTaskRemoveFromEventList                 0x08003589   Thumb Code    98  tasks.o(i.xTaskRemoveFromEventList)
    xTaskResumeAll                           0x080035f9   Thumb Code   182  tasks.o(i.xTaskResumeAll)
    xTimerCreateTimerTask                    0x080036bd   Thumb Code    78  timers.o(i.xTimerCreateTimerTask)
    xTimerGenericCommand                     0x0800371d   Thumb Code    98  timers.o(i.xTimerGenericCommand)
    defaultTask_attributes                   0x08003784   Data          36  main.o(.constdata)
    AHBPrescTable                            0x080037ba   Data          16  system_stm32f1xx.o(.constdata)
    APBPrescTable                            0x080037ca   Data           8  system_stm32f1xx.o(.constdata)
    asc2_0806                                0x080037d2   Data         552  oled1315.o(.constdata)
    asc2_1206                                0x080039fa   Data        1140  oled1315.o(.constdata)
    asc2_1608                                0x08003e6e   Data        1520  oled1315.o(.constdata)
    asc2_2412                                0x0800445e   Data        3420  oled1315.o(.constdata)
    Hzk1                                     0x080051ba   Data         128  oled1315.o(.constdata)
    Hzk2                                     0x0800523a   Data          72  oled1315.o(.constdata)
    Hzk3                                     0x08005282   Data         128  oled1315.o(.constdata)
    Hzk4                                     0x08005302   Data         512  oled1315.o(.constdata)
    Region$$Table$$Base                      0x08005510   Number         0  anon$$obj.o(Region$$Table)
    Region$$Table$$Limit                     0x08005530   Number         0  anon$$obj.o(Region$$Table)
    keynum                                   0x20000000   Data           1  free_demo.o(.data)
    flag                                     0x20000001   Data           1  free_demo.o(.data)
    i                                        0x20000002   Data           1  free_demo.o(.data)
    task_start_handle                        0x20000004   Data           4  free_demo.o(.data)
    task1_handle                             0x20000008   Data           4  free_demo.o(.data)
    task2_handle                             0x2000000c   Data           4  free_demo.o(.data)
    task3_handle                             0x20000010   Data           4  free_demo.o(.data)
    defaultTaskHandle                        0x20000014   Data           4  main.o(.data)
    uwTickFreq                               0x20000018   Data           1  stm32f1xx_hal.o(.data)
    uwTickPrio                               0x2000001c   Data           4  stm32f1xx_hal.o(.data)
    uwTick                                   0x20000020   Data           4  stm32f1xx_hal.o(.data)
    SystemCoreClock                          0x20000024   Data           4  system_stm32f1xx.o(.data)
    pxCurrentTCB                             0x20000028   Data           4  tasks.o(.data)
    task_start_stack                         0x200000a8   Data         512  free_demo.o(.bss)
    task_start_tcb                           0x200002a8   Data          92  free_demo.o(.bss)
    task1_stack                              0x20000304   Data        1024  free_demo.o(.bss)
    task1_tcb                                0x20000704   Data          92  free_demo.o(.bss)
    task2_stack                              0x20000760   Data         512  free_demo.o(.bss)
    task2_tcb                                0x20000960   Data          92  free_demo.o(.bss)
    task3_stack                              0x200009bc   Data         512  free_demo.o(.bss)
    task3_tcb                                0x20000bbc   Data          92  free_demo.o(.bss)
    idle_task_stack                          0x20000c18   Data         512  free_demo.o(.bss)
    idle_task_tcb                            0x20000e18   Data          92  free_demo.o(.bss)
    timer_task_stack                         0x20000e74   Data        1024  free_demo.o(.bss)
    timer_task_tcb                           0x20001274   Data          92  free_demo.o(.bss)
    huart1                                   0x200012d0   Data          72  main.o(.bss)
    htim4                                    0x20001318   Data          72  stm32f1xx_hal_timebase_tim.o(.bss)
    xQueueRegistry                           0x20001360   Data          64  queue.o(.bss)
    OLED_GRAM                                0x2000257c   Data        1024  oled1315.o(.bss)
    __libspace_start                         0x2000297c   Data          96  libspace.o(.bss)
    __temporary_stack_top$libspace           0x200029dc   Data           0  libspace.o(.bss)



==============================================================================

Memory Map of the image

  Image Entry point : 0x080000ed

  Load Region LR_IROM1 (Base: 0x08000000, Size: 0x000055d8, Max: 0x00010000, ABSOLUTE)

    Execution Region ER_IROM1 (Exec base: 0x08000000, Load base: 0x08000000, Size: 0x00005530, Max: 0x00010000, ABSOLUTE)

    Exec Addr    Load Addr    Size         Type   Attr      Idx    E Section Name        Object

    0x08000000   0x08000000   0x000000ec   Data   RO            3    RESET               startup_stm32f103xb.o
    0x080000ec   0x080000ec   0x00000008   Code   RO         4902  * !!!main             c_w.l(__main.o)
    0x080000f4   0x080000f4   0x00000034   Code   RO         5229    !!!scatter          c_w.l(__scatter.o)
    0x08000128   0x08000128   0x0000001a   Code   RO         5231    !!handler_copy      c_w.l(__scatter_copy.o)
    0x08000142   0x08000142   0x00000002   PAD
    0x08000144   0x08000144   0x0000001c   Code   RO         5233    !!handler_zi        c_w.l(__scatter_zi.o)
    0x08000160   0x08000160   0x00000002   Code   RO         5038    .ARM.Collect$$libinit$$00000000  c_w.l(libinit.o)
    0x08000162   0x08000162   0x00000000   Code   RO         5040    .ARM.Collect$$libinit$$00000002  c_w.l(libinit2.o)
    0x08000162   0x08000162   0x00000000   Code   RO         5042    .ARM.Collect$$libinit$$00000004  c_w.l(libinit2.o)
    0x08000162   0x08000162   0x00000000   Code   RO         5045    .ARM.Collect$$libinit$$0000000A  c_w.l(libinit2.o)
    0x08000162   0x08000162   0x00000000   Code   RO         5047    .ARM.Collect$$libinit$$0000000C  c_w.l(libinit2.o)
    0x08000162   0x08000162   0x00000000   Code   RO         5049    .ARM.Collect$$libinit$$0000000E  c_w.l(libinit2.o)
    0x08000162   0x08000162   0x00000000   Code   RO         5052    .ARM.Collect$$libinit$$00000011  c_w.l(libinit2.o)
    0x08000162   0x08000162   0x00000000   Code   RO         5054    .ARM.Collect$$libinit$$00000013  c_w.l(libinit2.o)
    0x08000162   0x08000162   0x00000000   Code   RO         5056    .ARM.Collect$$libinit$$00000015  c_w.l(libinit2.o)
    0x08000162   0x08000162   0x00000000   Code   RO         5058    .ARM.Collect$$libinit$$00000017  c_w.l(libinit2.o)
    0x08000162   0x08000162   0x00000000   Code   RO         5060    .ARM.Collect$$libinit$$00000019  c_w.l(libinit2.o)
    0x08000162   0x08000162   0x00000000   Code   RO         5062    .ARM.Collect$$libinit$$0000001B  c_w.l(libinit2.o)
    0x08000162   0x08000162   0x00000000   Code   RO         5064    .ARM.Collect$$libinit$$0000001D  c_w.l(libinit2.o)
    0x08000162   0x08000162   0x00000000   Code   RO         5066    .ARM.Collect$$libinit$$0000001F  c_w.l(libinit2.o)
    0x08000162   0x08000162   0x00000000   Code   RO         5068    .ARM.Collect$$libinit$$00000021  c_w.l(libinit2.o)
    0x08000162   0x08000162   0x00000000   Code   RO         5070    .ARM.Collect$$libinit$$00000023  c_w.l(libinit2.o)
    0x08000162   0x08000162   0x00000000   Code   RO         5072    .ARM.Collect$$libinit$$00000025  c_w.l(libinit2.o)
    0x08000162   0x08000162   0x00000000   Code   RO         5076    .ARM.Collect$$libinit$$0000002C  c_w.l(libinit2.o)
    0x08000162   0x08000162   0x00000000   Code   RO         5078    .ARM.Collect$$libinit$$0000002E  c_w.l(libinit2.o)
    0x08000162   0x08000162   0x00000000   Code   RO         5080    .ARM.Collect$$libinit$$00000030  c_w.l(libinit2.o)
    0x08000162   0x08000162   0x00000000   Code   RO         5082    .ARM.Collect$$libinit$$00000032  c_w.l(libinit2.o)
    0x08000162   0x08000162   0x00000002   Code   RO         5083    .ARM.Collect$$libinit$$00000033  c_w.l(libinit2.o)
    0x08000164   0x08000164   0x00000002   Code   RO         5208    .ARM.Collect$$libshutdown$$00000000  c_w.l(libshutdown.o)
    0x08000166   0x08000166   0x00000000   Code   RO         5085    .ARM.Collect$$libshutdown$$00000002  c_w.l(libshutdown2.o)
    0x08000166   0x08000166   0x00000000   Code   RO         5087    .ARM.Collect$$libshutdown$$00000004  c_w.l(libshutdown2.o)
    0x08000166   0x08000166   0x00000000   Code   RO         5089    .ARM.Collect$$libshutdown$$00000006  c_w.l(libshutdown2.o)
    0x08000166   0x08000166   0x00000000   Code   RO         5092    .ARM.Collect$$libshutdown$$00000009  c_w.l(libshutdown2.o)
    0x08000166   0x08000166   0x00000000   Code   RO         5095    .ARM.Collect$$libshutdown$$0000000C  c_w.l(libshutdown2.o)
    0x08000166   0x08000166   0x00000000   Code   RO         5097    .ARM.Collect$$libshutdown$$0000000E  c_w.l(libshutdown2.o)
    0x08000166   0x08000166   0x00000000   Code   RO         5100    .ARM.Collect$$libshutdown$$00000011  c_w.l(libshutdown2.o)
    0x08000166   0x08000166   0x00000002   Code   RO         5101    .ARM.Collect$$libshutdown$$00000012  c_w.l(libshutdown2.o)
    0x08000168   0x08000168   0x00000000   Code   RO         4904    .ARM.Collect$$rtentry$$00000000  c_w.l(__rtentry.o)
    0x08000168   0x08000168   0x00000000   Code   RO         4927    .ARM.Collect$$rtentry$$00000002  c_w.l(__rtentry2.o)
    0x08000168   0x08000168   0x00000006   Code   RO         4939    .ARM.Collect$$rtentry$$00000004  c_w.l(__rtentry4.o)
    0x0800016e   0x0800016e   0x00000000   Code   RO         4929    .ARM.Collect$$rtentry$$00000009  c_w.l(__rtentry2.o)
    0x0800016e   0x0800016e   0x00000004   Code   RO         4930    .ARM.Collect$$rtentry$$0000000A  c_w.l(__rtentry2.o)
    0x08000172   0x08000172   0x00000000   Code   RO         4932    .ARM.Collect$$rtentry$$0000000C  c_w.l(__rtentry2.o)
    0x08000172   0x08000172   0x00000008   Code   RO         4933    .ARM.Collect$$rtentry$$0000000D  c_w.l(__rtentry2.o)
    0x0800017a   0x0800017a   0x00000002   Code   RO         5108    .ARM.Collect$$rtexit$$00000000  c_w.l(rtexit.o)
    0x0800017c   0x0800017c   0x00000000   Code   RO         5154    .ARM.Collect$$rtexit$$00000002  c_w.l(rtexit2.o)
    0x0800017c   0x0800017c   0x00000004   Code   RO         5155    .ARM.Collect$$rtexit$$00000003  c_w.l(rtexit2.o)
    0x08000180   0x08000180   0x00000006   Code   RO         5156    .ARM.Collect$$rtexit$$00000004  c_w.l(rtexit2.o)
    0x08000186   0x08000186   0x00000002   PAD
    0x08000188   0x08000188   0x00000096   Code   RO         4619    .emb_text           port.o
    0x0800021e   0x0800021e   0x00000002   PAD
    0x08000220   0x08000220   0x00000040   Code   RO            4    .text               startup_stm32f103xb.o
    0x08000260   0x08000260   0x0000008a   Code   RO         4892    .text               c_w.l(rt_memcpy_v6.o)
    0x080002ea   0x080002ea   0x00000010   Code   RO         4896    .text               c_w.l(aeabi_memset.o)
    0x080002fa   0x080002fa   0x0000004e   Code   RO         4898    .text               c_w.l(rt_memclr_w.o)
    0x08000348   0x08000348   0x00000006   Code   RO         4900    .text               c_w.l(heapauxi.o)
    0x0800034e   0x0800034e   0x00000064   Code   RO         4922    .text               c_w.l(rt_memcpy_w.o)
    0x080003b2   0x080003b2   0x00000044   Code   RO         4924    .text               c_w.l(rt_memclr.o)
    0x080003f6   0x080003f6   0x0000004a   Code   RO         4958    .text               c_w.l(sys_stackheap_outer.o)
    0x08000440   0x08000440   0x00000012   Code   RO         5027    .text               c_w.l(exit.o)
    0x08000452   0x08000452   0x00000002   PAD
    0x08000454   0x08000454   0x00000008   Code   RO         5102    .text               c_w.l(libspace.o)
    0x0800045c   0x0800045c   0x00000002   Code   RO         5105    .text               c_w.l(use_no_semi.o)
    0x0800045e   0x0800045e   0x00000000   Code   RO         5107    .text               c_w.l(indicate_semi.o)
    0x0800045e   0x0800045e   0x00000002   PAD
    0x08000460   0x08000460   0x0000000c   Code   RO         5151    .text               c_w.l(sys_exit.o)
    0x0800046c   0x0800046c   0x00000002   Code   RO          317    i.BusFault_Handler  stm32f1xx_it.o
    0x0800046e   0x0800046e   0x00000002   Code   RO          318    i.DebugMon_Handler  stm32f1xx_it.o
    0x08000470   0x08000470   0x00000060   Code   RO           13    i.Get_KeyNum        free_demo.o
    0x080004d0   0x080004d0   0x00000046   Code   RO         1934    i.HAL_DMA_Abort     stm32f1xx_hal_dma.o
    0x08000516   0x08000516   0x00000002   PAD
    0x08000518   0x08000518   0x00000098   Code   RO         1935    i.HAL_DMA_Abort_IT  stm32f1xx_hal_dma.o
    0x080005b0   0x080005b0   0x00000024   Code   RO         1560    i.HAL_Delay         stm32f1xx_hal.o
    0x080005d4   0x080005d4   0x000001e0   Code   RO         1870    i.HAL_GPIO_Init     stm32f1xx_hal_gpio.o
    0x080007b4   0x080007b4   0x0000000a   Code   RO         1872    i.HAL_GPIO_ReadPin  stm32f1xx_hal_gpio.o
    0x080007be   0x080007be   0x00000010   Code   RO         1873    i.HAL_GPIO_TogglePin  stm32f1xx_hal_gpio.o
    0x080007ce   0x080007ce   0x0000000a   Code   RO         1874    i.HAL_GPIO_WritePin  stm32f1xx_hal_gpio.o
    0x080007d8   0x080007d8   0x0000000c   Code   RO         1564    i.HAL_GetTick       stm32f1xx_hal.o
    0x080007e4   0x080007e4   0x00000010   Code   RO         1570    i.HAL_IncTick       stm32f1xx_hal.o
    0x080007f4   0x080007f4   0x00000024   Code   RO         1571    i.HAL_Init          stm32f1xx_hal.o
    0x08000818   0x08000818   0x00000098   Code   RO          505    i.HAL_InitTick      stm32f1xx_hal_timebase_tim.o
    0x080008b0   0x080008b0   0x00000048   Code   RO          469    i.HAL_MspInit       stm32f1xx_hal_msp.o
    0x080008f8   0x080008f8   0x0000001a   Code   RO         2030    i.HAL_NVIC_EnableIRQ  stm32f1xx_hal_cortex.o
    0x08000912   0x08000912   0x00000002   PAD
    0x08000914   0x08000914   0x00000040   Code   RO         2036    i.HAL_NVIC_SetPriority  stm32f1xx_hal_cortex.o
    0x08000954   0x08000954   0x00000024   Code   RO         2037    i.HAL_NVIC_SetPriorityGrouping  stm32f1xx_hal_cortex.o
    0x08000978   0x08000978   0x0000012c   Code   RO         1728    i.HAL_RCC_ClockConfig  stm32f1xx_hal_rcc.o
    0x08000aa4   0x08000aa4   0x00000040   Code   RO         1732    i.HAL_RCC_GetClockConfig  stm32f1xx_hal_rcc.o
    0x08000ae4   0x08000ae4   0x00000020   Code   RO         1735    i.HAL_RCC_GetPCLK1Freq  stm32f1xx_hal_rcc.o
    0x08000b04   0x08000b04   0x00000020   Code   RO         1736    i.HAL_RCC_GetPCLK2Freq  stm32f1xx_hal_rcc.o
    0x08000b24   0x08000b24   0x0000004c   Code   RO         1737    i.HAL_RCC_GetSysClockFreq  stm32f1xx_hal_rcc.o
    0x08000b70   0x08000b70   0x00000320   Code   RO         1740    i.HAL_RCC_OscConfig  stm32f1xx_hal_rcc.o
    0x08000e90   0x08000e90   0x00000002   Code   RO         1286    i.HAL_TIMEx_BreakCallback  stm32f1xx_hal_tim_ex.o
    0x08000e92   0x08000e92   0x00000002   Code   RO         1287    i.HAL_TIMEx_CommutCallback  stm32f1xx_hal_tim_ex.o
    0x08000e94   0x08000e94   0x0000005a   Code   RO          582    i.HAL_TIM_Base_Init  stm32f1xx_hal_tim.o
    0x08000eee   0x08000eee   0x00000002   Code   RO          584    i.HAL_TIM_Base_MspInit  stm32f1xx_hal_tim.o
    0x08000ef0   0x08000ef0   0x00000058   Code   RO          587    i.HAL_TIM_Base_Start_IT  stm32f1xx_hal_tim.o
    0x08000f48   0x08000f48   0x00000002   Code   RO          616    i.HAL_TIM_IC_CaptureCallback  stm32f1xx_hal_tim.o
    0x08000f4a   0x08000f4a   0x00000130   Code   RO          630    i.HAL_TIM_IRQHandler  stm32f1xx_hal_tim.o
    0x0800107a   0x0800107a   0x00000002   Code   RO          633    i.HAL_TIM_OC_DelayElapsedCallback  stm32f1xx_hal_tim.o
    0x0800107c   0x0800107c   0x00000002   Code   RO          660    i.HAL_TIM_PWM_PulseFinishedCallback  stm32f1xx_hal_tim.o
    0x0800107e   0x0800107e   0x00000002   PAD
    0x08001080   0x08001080   0x00000014   Code   RO          217    i.HAL_TIM_PeriodElapsedCallback  main.o
    0x08001094   0x08001094   0x00000002   Code   RO          673    i.HAL_TIM_TriggerCallback  stm32f1xx_hal_tim.o
    0x08001096   0x08001096   0x00000002   Code   RO         2542    i.HAL_UARTEx_RxEventCallback  stm32f1xx_hal_uart.o
    0x08001098   0x08001098   0x00000002   Code   RO         2556    i.HAL_UART_ErrorCallback  stm32f1xx_hal_uart.o
    0x0800109a   0x0800109a   0x00000002   PAD
    0x0800109c   0x0800109c   0x0000026c   Code   RO         2559    i.HAL_UART_IRQHandler  stm32f1xx_hal_uart.o
    0x08001308   0x08001308   0x00000064   Code   RO         2560    i.HAL_UART_Init     stm32f1xx_hal_uart.o
    0x0800136c   0x0800136c   0x00000080   Code   RO          471    i.HAL_UART_MspInit  stm32f1xx_hal_msp.o
    0x080013ec   0x080013ec   0x00000002   Code   RO         2566    i.HAL_UART_RxCpltCallback  stm32f1xx_hal_uart.o
    0x080013ee   0x080013ee   0x00000002   Code   RO         2571    i.HAL_UART_TxCpltCallback  stm32f1xx_hal_uart.o
    0x080013f0   0x080013f0   0x00000002   Code   RO          319    i.HardFault_Handler  stm32f1xx_it.o
    0x080013f2   0x080013f2   0x00000002   PAD
    0x080013f4   0x080013f4   0x00000040   Code   RO         4699    i.IIC_Start         oled1315.o
    0x08001434   0x08001434   0x00000040   Code   RO         4700    i.IIC_Stop          oled1315.o
    0x08001474   0x08001474   0x00000028   Code   RO         4701    i.IIC_WaitAck       oled1315.o
    0x0800149c   0x0800149c   0x0000000a   Code   RO         4702    i.IIC_delay         oled1315.o
    0x080014a6   0x080014a6   0x00000002   PAD
    0x080014a8   0x080014a8   0x00000098   Code   RO          218    i.MX_GPIO_Init      main.o
    0x08001540   0x08001540   0x00000002   Code   RO          320    i.MemManage_Handler  stm32f1xx_it.o
    0x08001542   0x08001542   0x00000002   Code   RO          321    i.NMI_Handler       stm32f1xx_it.o
    0x08001544   0x08001544   0x0000002c   Code   RO         4703    i.OLED_Clear        oled1315.o
    0x08001570   0x08001570   0x0000002c   Code   RO         4708    i.OLED_DrawPoint    oled1315.o
    0x0800159c   0x0800159c   0x000000fc   Code   RO         4709    i.OLED_Init         oled1315.o
    0x08001698   0x08001698   0x00000010   Code   RO         4710    i.OLED_Pow          oled1315.o
    0x080016a8   0x080016a8   0x00000068   Code   RO         4711    i.OLED_Refresh      oled1315.o
    0x08001710   0x08001710   0x00000044   Code   RO         4713    i.OLED_SendByte     oled1315.o
    0x08001754   0x08001754   0x000000f4   Code   RO         4714    i.OLED_ShowChar     oled1315.o
    0x08001848   0x08001848   0x00000084   Code   RO         4716    i.OLED_ShowNum      oled1315.o
    0x080018cc   0x080018cc   0x00000036   Code   RO         4719    i.OLED_WR_Byte      oled1315.o
    0x08001902   0x08001902   0x00000002   PAD
    0x08001904   0x08001904   0x00000020   Code   RO          219    i.StartDefaultTask  main.o
    0x08001924   0x08001924   0x0000001a   Code   RO         4051    i.SysTick_Handler   cmsis_os2.o
    0x0800193e   0x0800193e   0x0000005e   Code   RO          220    i.SystemClock_Config  main.o
    0x0800199c   0x0800199c   0x00000002   Code   RO         2894    i.SystemInit        system_stm32f1xx.o
    0x0800199e   0x0800199e   0x00000002   PAD
    0x080019a0   0x080019a0   0x0000000c   Code   RO          322    i.TIM4_IRQHandler   stm32f1xx_it.o
    0x080019ac   0x080019ac   0x00000078   Code   RO          675    i.TIM_Base_SetConfig  stm32f1xx_hal_tim.o
    0x08001a24   0x08001a24   0x00000010   Code   RO         2573    i.UART_DMAAbortOnError  stm32f1xx_hal_uart.o
    0x08001a34   0x08001a34   0x0000004e   Code   RO         2583    i.UART_EndRxTransfer  stm32f1xx_hal_uart.o
    0x08001a82   0x08001a82   0x000000c2   Code   RO         2585    i.UART_Receive_IT   stm32f1xx_hal_uart.o
    0x08001b44   0x08001b44   0x000000b8   Code   RO         2586    i.UART_SetConfig    stm32f1xx_hal_uart.o
    0x08001bfc   0x08001bfc   0x0000000c   Code   RO          323    i.USART1_IRQHandler  stm32f1xx_it.o
    0x08001c08   0x08001c08   0x00000002   Code   RO          324    i.UsageFault_Handler  stm32f1xx_it.o
    0x08001c0a   0x08001c0a   0x00000020   Code   RO         2043    i.__NVIC_SetPriority  stm32f1xx_hal_cortex.o
    0x08001c2a   0x08001c2a   0x00000002   PAD
    0x08001c2c   0x08001c2c   0x00000040   Code   RO           15    i.freertos_start    free_demo.o
    0x08001c6c   0x08001c6c   0x00000068   Code   RO          221    i.main              main.o
    0x08001cd4   0x08001cd4   0x0000001a   Code   RO         4053    i.osDelay           cmsis_os2.o
    0x08001cee   0x08001cee   0x00000002   PAD
    0x08001cf0   0x08001cf0   0x00000024   Code   RO         4067    i.osKernelInitialize  cmsis_os2.o
    0x08001d14   0x08001d14   0x00000038   Code   RO         4070    i.osKernelStart     cmsis_os2.o
    0x08001d4c   0x08001d4c   0x0000008a   Code   RO         4112    i.osThreadNew       cmsis_os2.o
    0x08001dd6   0x08001dd6   0x00000002   PAD
    0x08001dd8   0x08001dd8   0x0000005c   Code   RO         3502    i.prvAddCurrentTaskToDelayedList  tasks.o
    0x08001e34   0x08001e34   0x000000d0   Code   RO         3503    i.prvAddNewTaskToReadyList  tasks.o
    0x08001f04   0x08001f04   0x00000058   Code   RO         3877    i.prvCheckForValidListAndQueue  timers.o
    0x08001f5c   0x08001f5c   0x00000026   Code   RO         3099    i.prvCopyDataFromQueue  queue.o
    0x08001f82   0x08001f82   0x0000006c   Code   RO         3100    i.prvCopyDataToQueue  queue.o
    0x08001fee   0x08001fee   0x00000034   Code   RO         3504    i.prvDeleteTCB      tasks.o
    0x08002022   0x08002022   0x00000002   PAD
    0x08002024   0x08002024   0x0000004c   Code   RO         4564    i.prvHeapInit       heap_4.o
    0x08002070   0x08002070   0x00000060   Code   RO         3505    i.prvIdleTask       tasks.o
    0x080020d0   0x080020d0   0x00000022   Code   RO         3102    i.prvInitialiseNewQueue  queue.o
    0x080020f2   0x080020f2   0x00000002   PAD
    0x080020f4   0x080020f4   0x000000b0   Code   RO         3506    i.prvInitialiseNewTask  tasks.o
    0x080021a4   0x080021a4   0x0000004c   Code   RO         4565    i.prvInsertBlockIntoFreeList  heap_4.o
    0x080021f0   0x080021f0   0x00000038   Code   RO         3879    i.prvInsertTimerInActiveList  timers.o
    0x08002228   0x08002228   0x0000001c   Code   RO         3103    i.prvIsQueueEmpty   queue.o
    0x08002244   0x08002244   0x000000fc   Code   RO         3880    i.prvProcessReceivedCommands  timers.o
    0x08002340   0x08002340   0x000000c0   Code   RO         3881    i.prvProcessTimerOrBlockTask  timers.o
    0x08002400   0x08002400   0x00000020   Code   RO         3508    i.prvResetNextTaskUnblockTime  tasks.o
    0x08002420   0x08002420   0x00000028   Code   RO         3882    i.prvSampleTimeNow  timers.o
    0x08002448   0x08002448   0x0000006c   Code   RO         3883    i.prvSwitchTimerLists  timers.o
    0x080024b4   0x080024b4   0x00000028   Code   RO         4620    i.prvTaskExitError  port.o
    0x080024dc   0x080024dc   0x00000034   Code   RO         3510    i.prvTaskIsTaskSuspended  tasks.o
    0x08002510   0x08002510   0x00000024   Code   RO         3884    i.prvTimerTask      timers.o
    0x08002534   0x08002534   0x0000006a   Code   RO         3104    i.prvUnlockQueue    queue.o
    0x0800259e   0x0800259e   0x00000002   PAD
    0x080025a0   0x080025a0   0x000000dc   Code   RO         4566    i.pvPortMalloc      heap_4.o
    0x0800267c   0x0800267c   0x00000024   Code   RO         4621    i.pxPortInitialiseStack  port.o
    0x080026a0   0x080026a0   0x00000020   Code   RO           16    i.task1             free_demo.o
    0x080026c0   0x080026c0   0x00000020   Code   RO           17    i.task2             free_demo.o
    0x080026e0   0x080026e0   0x00000084   Code   RO           18    i.task3             free_demo.o
    0x08002764   0x08002764   0x00000098   Code   RO           19    i.task_start        free_demo.o
    0x080027fc   0x080027fc   0x00000026   Code   RO         3059    i.uxListRemove      list.o
    0x08002822   0x08002822   0x00000002   PAD
    0x08002824   0x08002824   0x00000014   Code   RO           20    i.vApplicationGetIdleTaskMemory  free_demo.o
    0x08002838   0x08002838   0x00000018   Code   RO           21    i.vApplicationGetTimerTaskMemory  free_demo.o
    0x08002850   0x08002850   0x00000016   Code   RO         3060    i.vListInitialise   list.o
    0x08002866   0x08002866   0x00000006   Code   RO         3061    i.vListInitialiseItem  list.o
    0x0800286c   0x0800286c   0x00000030   Code   RO         3062    i.vListInsert       list.o
    0x0800289c   0x0800289c   0x00000018   Code   RO         3063    i.vListInsertEnd    list.o
    0x080028b4   0x080028b4   0x00000040   Code   RO         4623    i.vPortEnterCritical  port.o
    0x080028f4   0x080028f4   0x00000028   Code   RO         4624    i.vPortExitCritical  port.o
    0x0800291c   0x0800291c   0x00000064   Code   RO         4567    i.vPortFree         heap_4.o
    0x08002980   0x08002980   0x00000024   Code   RO         4625    i.vPortSetupTimerInterrupt  port.o
    0x080029a4   0x080029a4   0x00000054   Code   RO         4626    i.vPortValidateInterruptPriority  port.o
    0x080029f8   0x080029f8   0x00000028   Code   RO         3110    i.vQueueAddToRegistry  queue.o
    0x08002a20   0x08002a20   0x00000044   Code   RO         3114    i.vQueueWaitForMessageRestricted  queue.o
    0x08002a64   0x08002a64   0x0000004c   Code   RO         3521    i.vTaskDelay        tasks.o
    0x08002ab0   0x08002ab0   0x00000090   Code   RO         3523    i.vTaskDelete       tasks.o
    0x08002b40   0x08002b40   0x00000010   Code   RO         3526    i.vTaskInternalSetTimeOutState  tasks.o
    0x08002b50   0x08002b50   0x0000000c   Code   RO         3528    i.vTaskMissedYield  tasks.o
    0x08002b5c   0x08002b5c   0x00000030   Code   RO         3530    i.vTaskPlaceOnEventList  tasks.o
    0x08002b8c   0x08002b8c   0x00000038   Code   RO         3531    i.vTaskPlaceOnEventListRestricted  tasks.o
    0x08002bc4   0x08002bc4   0x0000007c   Code   RO         3536    i.vTaskResume       tasks.o
    0x08002c40   0x08002c40   0x00000088   Code   RO         3539    i.vTaskStartScheduler  tasks.o
    0x08002cc8   0x08002cc8   0x0000009c   Code   RO         3540    i.vTaskSuspend      tasks.o
    0x08002d64   0x08002d64   0x00000010   Code   RO         3541    i.vTaskSuspendAll   tasks.o
    0x08002d74   0x08002d74   0x00000064   Code   RO         3542    i.vTaskSwitchContext  tasks.o
    0x08002dd8   0x08002dd8   0x000000a8   Code   RO         4627    i.xPortStartScheduler  port.o
    0x08002e80   0x08002e80   0x0000002c   Code   RO         4628    i.xPortSysTickHandler  port.o
    0x08002eac   0x08002eac   0x00000066   Code   RO         3120    i.xQueueGenericCreateStatic  queue.o
    0x08002f12   0x08002f12   0x00000002   PAD
    0x08002f14   0x08002f14   0x00000088   Code   RO         3121    i.xQueueGenericReset  queue.o
    0x08002f9c   0x08002f9c   0x00000160   Code   RO         3122    i.xQueueGenericSend  queue.o
    0x080030fc   0x080030fc   0x000000be   Code   RO         3123    i.xQueueGenericSendFromISR  queue.o
    0x080031ba   0x080031ba   0x00000002   PAD
    0x080031bc   0x080031bc   0x00000138   Code   RO         3132    i.xQueueReceive     queue.o
    0x080032f4   0x080032f4   0x00000074   Code   RO         3544    i.xTaskCheckForTimeOut  tasks.o
    0x08003368   0x08003368   0x0000005a   Code   RO         3545    i.xTaskCreate       tasks.o
    0x080033c2   0x080033c2   0x00000056   Code   RO         3546    i.xTaskCreateStatic  tasks.o
    0x08003418   0x08003418   0x0000001c   Code   RO         3550    i.xTaskGetSchedulerState  tasks.o
    0x08003434   0x08003434   0x0000000c   Code   RO         3551    i.xTaskGetTickCount  tasks.o
    0x08003440   0x08003440   0x000000c8   Code   RO         3553    i.xTaskIncrementTick  tasks.o
    0x08003508   0x08003508   0x00000080   Code   RO         3556    i.xTaskPriorityDisinherit  tasks.o
    0x08003588   0x08003588   0x00000070   Code   RO         3558    i.xTaskRemoveFromEventList  tasks.o
    0x080035f8   0x080035f8   0x000000c4   Code   RO         3559    i.xTaskResumeAll    tasks.o
    0x080036bc   0x080036bc   0x00000060   Code   RO         3893    i.xTimerCreateTimerTask  timers.o
    0x0800371c   0x0800371c   0x00000068   Code   RO         3894    i.xTimerGenericCommand  timers.o
    0x08003784   0x08003784   0x00000024   Data   RO          224    .constdata          main.o
    0x080037a8   0x080037a8   0x00000012   Data   RO         1741    .constdata          stm32f1xx_hal_rcc.o
    0x080037ba   0x080037ba   0x00000010   Data   RO         2895    .constdata          system_stm32f1xx.o
    0x080037ca   0x080037ca   0x00000008   Data   RO         2896    .constdata          system_stm32f1xx.o
    0x080037d2   0x080037d2   0x00001d30   Data   RO         4721    .constdata          oled1315.o
    0x08005502   0x08005502   0x00000002   PAD
    0x08005504   0x08005504   0x0000000c   Data   RO          225    .conststring        main.o
    0x08005510   0x08005510   0x00000020   Data   RO         5227    Region$$Table       anon$$obj.o


    Execution Region RW_IRAM1 (Exec base: 0x20000000, Load base: 0x08005530, Size: 0x00002fe0, Max: 0x00005000, ABSOLUTE)

    Exec Addr    Load Addr    Size         Type   Attr      Idx    E Section Name        Object

    0x20000000   0x08005530   0x00000014   Data   RW           24    .data               free_demo.o
    0x20000014   0x08005544   0x00000004   Data   RW          226    .data               main.o
    0x20000018   0x08005548   0x0000000c   Data   RW         1578    .data               stm32f1xx_hal.o
    0x20000024   0x08005554   0x00000004   Data   RW         2897    .data               system_stm32f1xx.o
    0x20000028   0x08005558   0x0000003c   Data   RW         3562    .data               tasks.o
    0x20000064   0x08005594   0x00000014   Data   RW         3902    .data               timers.o
    0x20000078   0x080055a8   0x00000004   Data   RW         4127    .data               cmsis_os2.o
    0x2000007c   0x080055ac   0x00000020   Data   RW         4573    .data               heap_4.o
    0x2000009c   0x080055cc   0x0000000c   Data   RW         4629    .data               port.o
    0x200000a8        -       0x00001228   Zero   RW           23    .bss                free_demo.o
    0x200012d0        -       0x00000048   Zero   RW          223    .bss                main.o
    0x20001318        -       0x00000048   Zero   RW          508    .bss                stm32f1xx_hal_timebase_tim.o
    0x20001360        -       0x00000040   Zero   RW         3136    .bss                queue.o
    0x200013a0        -       0x000004c4   Zero   RW         3561    .bss                tasks.o
    0x20001864        -       0x00000118   Zero   RW         3901    .bss                timers.o
    0x2000197c        -       0x00000c00   Zero   RW         4572    .bss                heap_4.o
    0x2000257c        -       0x00000400   Zero   RW         4720    .bss                oled1315.o
    0x2000297c        -       0x00000060   Zero   RW         5103    .bss                c_w.l(libspace.o)
    0x200029dc   0x080055d8   0x00000004   PAD
    0x200029e0        -       0x00000200   Zero   RW            2    HEAP                startup_stm32f103xb.o
    0x20002be0        -       0x00000400   Zero   RW            1    STACK               startup_stm32f103xb.o


==============================================================================

Image component sizes


      Code (inc. data)   RO Data    RW Data    ZI Data      Debug   Object Name

       282         12          0          4          0      56686   cmsis_os2.o
         0          0          0          0          0      19432   event_groups.o
       552        112          0         20       4648     447715   free_demo.o
       472         24          0         32       3072       4603   heap_4.o
       138          0          0          0          0       3234   list.o
       402         42         48          4         72       7190   main.o
      1136         52       7472          0       1024       9389   oled1315.o
       662         70          0         12          0      10401   port.o
      1514         20          0          0         64      16636   queue.o
        64         26        236          0       1536        784   startup_stm32f103xb.o
       100         18          0         12          0       5054   stm32f1xx_hal.o
       158         14          0          0          0      28050   stm32f1xx_hal_cortex.o
       222          4          0          0          0       1687   stm32f1xx_hal_dma.o
       516         34          0          0          0       3992   stm32f1xx_hal_gpio.o
       200         22          0          0          0       1489   stm32f1xx_hal_msp.o
      1304         94         18          0          0       5545   stm32f1xx_hal_rcc.o
       612         24          0          0          0       6896   stm32f1xx_hal_tim.o
         4          0          0          0          0       1497   stm32f1xx_hal_tim_ex.o
       152         20          0          0         72       1395   stm32f1xx_hal_timebase_tim.o
      1200         10          0          0          0       7684   stm32f1xx_hal_uart.o
        36         12          0          0          0     424075   stm32f1xx_it.o
         0          0          0          0          0        392   stream_buffer.o
         2          0         24          4          0       1035   system_stm32f1xx.o
      2560        212          0         60       1220      28787   tasks.o
       972         80          0         20        280      31519   timers.o

    ----------------------------------------------------------------------
     13296        902       7832        168      11988    1125167   Object Totals
         0          0         32          0          0          0   (incl. Generated)
        36          0          2          0          0          0   (incl. Padding)

    ----------------------------------------------------------------------

      Code (inc. data)   RO Data    RW Data    ZI Data      Debug   Library Member Name

         8          0          0          0          0         68   __main.o
         0          0          0          0          0          0   __rtentry.o
        12          0          0          0          0          0   __rtentry2.o
         6          0          0          0          0          0   __rtentry4.o
        52          8          0          0          0          0   __scatter.o
        26          0          0          0          0          0   __scatter_copy.o
        28          0          0          0          0          0   __scatter_zi.o
        16          0          0          0          0         68   aeabi_memset.o
        18          0          0          0          0         80   exit.o
         6          0          0          0          0        152   heapauxi.o
         0          0          0          0          0          0   indicate_semi.o
         2          0          0          0          0          0   libinit.o
         2          0          0          0          0          0   libinit2.o
         2          0          0          0          0          0   libshutdown.o
         2          0          0          0          0          0   libshutdown2.o
         8          4          0          0         96         68   libspace.o
        68          0          0          0          0         68   rt_memclr.o
        78          0          0          0          0         80   rt_memclr_w.o
       138          0          0          0          0         68   rt_memcpy_v6.o
       100          0          0          0          0         80   rt_memcpy_w.o
         2          0          0          0          0          0   rtexit.o
        10          0          0          0          0          0   rtexit2.o
        12          4          0          0          0         68   sys_exit.o
        74          0          0          0          0         80   sys_stackheap_outer.o
         2          0          0          0          0         68   use_no_semi.o

    ----------------------------------------------------------------------
       680         16          0          0        100        948   Library Totals
         8          0          0          0          4          0   (incl. Padding)

    ----------------------------------------------------------------------

      Code (inc. data)   RO Data    RW Data    ZI Data      Debug   Library Name

       672         16          0          0         96        948   c_w.l

    ----------------------------------------------------------------------
       680         16          0          0        100        948   Library Totals

    ----------------------------------------------------------------------

==============================================================================


      Code (inc. data)   RO Data    RW Data    ZI Data      Debug   

     13976        918       7832        168      12088    1118155   Grand Totals
     13976        918       7832        168      12088    1118155   ELF Image Totals
     13976        918       7832        168          0          0   ROM Totals

==============================================================================

    Total RO  Size (Code + RO Data)                21808 (  21.30kB)
    Total RW  Size (RW Data + ZI Data)             12256 (  11.97kB)
    Total ROM Size (Code + RO Data + RW Data)      21976 (  21.46kB)

==============================================================================

